Args in experiment:
Namespace(random_seed=2023, is_training=1, model_id='BTCUSD_336_96', model='PatchTST', data='custom', root_path='./dataset/', data_path='btcusd.csv', features='M', target='Close', freq='d', checkpoints='./checkpoints/', seq_len=336, label_len=48, pred_len=96, fc_dropout=0.3, head_dropout=0.0, patch_len=16, stride=8, padding_patch='end', revin=1, affine=0, subtract_last=0, decomposition=0, kernel_size=25, individual=0, embed_type=0, enc_in=5, dec_in=5, c_out=5, d_model=16, n_heads=4, e_layers=3, d_layers=1, d_ff=128, moving_avg=25, factor=1, distil=True, dropout=0.3, embed='timeF', activation='gelu', version='Standard', output_attention=False, do_predict=False, num_workers=1, itr=1, train_epochs=50, batch_size=128, patience=10, learning_rate=0.0001, des='Standard', loss='mse', lradj='type3', pct_start=0.3, use_amp=False, use_gpu=True, gpu=0, use_multi_gpu=False, devices='0,1,2,3', test_flop=False)
Use GPU: mps
============================================================
CONFIRMATION: Instantiated attention class for PatchTST:
  Type: <class 'layers.PatchTST_backbone._ScaledDotProductAttention'>
  Expected Version parameter: Standard
============================================================
>>>>>>>start training : BTCUSD_336_96_PatchTST_custom_ftM_sl336_ll48_pl96_dm16_nh4_el3_dl1_df128_fc1_ebtimeF_dtTrue_Standard_0>>>>>>>>>>>>>>>>>>>>>>>>>>
train 2595
val 338
test 769
Epoch: 1 cost time: 2.145684003829956
Epoch: 1, Steps: 20 | Train Loss: 0.6019378 Vali Loss: 0.3517842 Test Loss: 2.3635919
Validation loss decreased (inf --> 0.351784).  Saving model ...
Updating learning rate to 0.0001
Epoch: 2 cost time: 0.7619237899780273
Epoch: 2, Steps: 20 | Train Loss: 0.5403677 Vali Loss: 0.3018089 Test Loss: 1.8669175
Validation loss decreased (0.351784 --> 0.301809).  Saving model ...
Updating learning rate to 0.0001
Epoch: 3 cost time: 0.7487466335296631
Epoch: 3, Steps: 20 | Train Loss: 0.4451168 Vali Loss: 0.2677303 Test Loss: 1.4940017
Validation loss decreased (0.301809 --> 0.267730).  Saving model ...
Updating learning rate to 0.0001
Epoch: 4 cost time: 0.778566837310791
Epoch: 4, Steps: 20 | Train Loss: 0.3814195 Vali Loss: 0.2539573 Test Loss: 1.3246423
Validation loss decreased (0.267730 --> 0.253957).  Saving model ...
Updating learning rate to 9e-05
Epoch: 5 cost time: 0.7736141681671143
Epoch: 5, Steps: 20 | Train Loss: 0.3541759 Vali Loss: 0.2549515 Test Loss: 1.2294967
EarlyStopping counter: 1 out of 10
Updating learning rate to 8.1e-05
Epoch: 6 cost time: 0.7259998321533203
Epoch: 6, Steps: 20 | Train Loss: 0.3315613 Vali Loss: 0.2349904 Test Loss: 1.1643887
Validation loss decreased (0.253957 --> 0.234990).  Saving model ...
Updating learning rate to 7.290000000000001e-05
Epoch: 7 cost time: 0.7207973003387451
Epoch: 7, Steps: 20 | Train Loss: 0.3113297 Vali Loss: 0.2276348 Test Loss: 1.1220851
Validation loss decreased (0.234990 --> 0.227635).  Saving model ...
Updating learning rate to 6.561e-05
Epoch: 8 cost time: 0.7428579330444336
Epoch: 8, Steps: 20 | Train Loss: 0.3011895 Vali Loss: 0.2184277 Test Loss: 1.0901536
Validation loss decreased (0.227635 --> 0.218428).  Saving model ...
Updating learning rate to 5.904900000000001e-05
Epoch: 9 cost time: 0.7868893146514893
Epoch: 9, Steps: 20 | Train Loss: 0.2918843 Vali Loss: 0.2196912 Test Loss: 1.0641145
EarlyStopping counter: 1 out of 10
Updating learning rate to 5.3144100000000005e-05
Epoch: 10 cost time: 0.8023052215576172
Epoch: 10, Steps: 20 | Train Loss: 0.2839082 Vali Loss: 0.2161084 Test Loss: 1.0451798
Validation loss decreased (0.218428 --> 0.216108).  Saving model ...
Updating learning rate to 4.782969000000001e-05
Epoch: 11 cost time: 0.7839181423187256
Epoch: 11, Steps: 20 | Train Loss: 0.2784221 Vali Loss: 0.2216487 Test Loss: 1.0312090
EarlyStopping counter: 1 out of 10
Updating learning rate to 4.304672100000001e-05
Epoch: 12 cost time: 0.7995481491088867
Epoch: 12, Steps: 20 | Train Loss: 0.2748120 Vali Loss: 0.2112413 Test Loss: 1.0190908
Validation loss decreased (0.216108 --> 0.211241).  Saving model ...
Updating learning rate to 3.874204890000001e-05
Epoch: 13 cost time: 0.782416820526123
Epoch: 13, Steps: 20 | Train Loss: 0.2671649 Vali Loss: 0.2203268 Test Loss: 1.0112076
EarlyStopping counter: 1 out of 10
Updating learning rate to 3.486784401000001e-05
Epoch: 14 cost time: 0.7911431789398193
Epoch: 14, Steps: 20 | Train Loss: 0.2673862 Vali Loss: 0.2148858 Test Loss: 1.0044099
EarlyStopping counter: 2 out of 10
Updating learning rate to 3.138105960900001e-05
Epoch: 15 cost time: 0.7279181480407715
Epoch: 15, Steps: 20 | Train Loss: 0.2668481 Vali Loss: 0.2075676 Test Loss: 0.9994955
Validation loss decreased (0.211241 --> 0.207568).  Saving model ...
Updating learning rate to 2.824295364810001e-05
Epoch: 16 cost time: 0.7662649154663086
Epoch: 16, Steps: 20 | Train Loss: 0.2630820 Vali Loss: 0.2016082 Test Loss: 0.9945442
Validation loss decreased (0.207568 --> 0.201608).  Saving model ...
Updating learning rate to 2.541865828329001e-05
Epoch: 17 cost time: 0.7772111892700195
Epoch: 17, Steps: 20 | Train Loss: 0.2579718 Vali Loss: 0.2028898 Test Loss: 0.9896476
EarlyStopping counter: 1 out of 10
Updating learning rate to 2.287679245496101e-05
Epoch: 18 cost time: 0.7465846538543701
Epoch: 18, Steps: 20 | Train Loss: 0.2621376 Vali Loss: 0.1987591 Test Loss: 0.9850588
Validation loss decreased (0.201608 --> 0.198759).  Saving model ...
Updating learning rate to 2.0589113209464907e-05
Epoch: 19 cost time: 0.7871811389923096
Epoch: 19, Steps: 20 | Train Loss: 0.2563313 Vali Loss: 0.2035471 Test Loss: 0.9818209
EarlyStopping counter: 1 out of 10
Updating learning rate to 1.8530201888518416e-05
Epoch: 20 cost time: 0.8230347633361816
Epoch: 20, Steps: 20 | Train Loss: 0.2580928 Vali Loss: 0.2093316 Test Loss: 0.9782875
EarlyStopping counter: 2 out of 10
Updating learning rate to 1.6677181699666577e-05
Epoch: 21 cost time: 0.7834830284118652
Epoch: 21, Steps: 20 | Train Loss: 0.2564586 Vali Loss: 0.2101891 Test Loss: 0.9763477
EarlyStopping counter: 3 out of 10
Updating learning rate to 1.5009463529699919e-05
Epoch: 22 cost time: 0.8026199340820312
Epoch: 22, Steps: 20 | Train Loss: 0.2551786 Vali Loss: 0.1925073 Test Loss: 0.9753085
Validation loss decreased (0.198759 --> 0.192507).  Saving model ...
Updating learning rate to 1.3508517176729929e-05
Epoch: 23 cost time: 0.7716610431671143
Epoch: 23, Steps: 20 | Train Loss: 0.2546149 Vali Loss: 0.2148827 Test Loss: 0.9723454
EarlyStopping counter: 1 out of 10
Updating learning rate to 1.2157665459056936e-05
Epoch: 24 cost time: 0.7856199741363525
Epoch: 24, Steps: 20 | Train Loss: 0.2539190 Vali Loss: 0.1977939 Test Loss: 0.9702742
EarlyStopping counter: 2 out of 10
Updating learning rate to 1.0941898913151242e-05
Epoch: 25 cost time: 0.7913169860839844
Epoch: 25, Steps: 20 | Train Loss: 0.2536221 Vali Loss: 0.2011488 Test Loss: 0.9688351
EarlyStopping counter: 3 out of 10
Updating learning rate to 9.847709021836118e-06
Epoch: 26 cost time: 0.8047640323638916
Epoch: 26, Steps: 20 | Train Loss: 0.2536392 Vali Loss: 0.1918971 Test Loss: 0.9670535
Validation loss decreased (0.192507 --> 0.191897).  Saving model ...
Updating learning rate to 8.862938119652508e-06
Epoch: 27 cost time: 0.7988448143005371
Epoch: 27, Steps: 20 | Train Loss: 0.2531055 Vali Loss: 0.1958057 Test Loss: 0.9662523
EarlyStopping counter: 1 out of 10
Updating learning rate to 7.976644307687255e-06
Epoch: 28 cost time: 0.7790467739105225
Epoch: 28, Steps: 20 | Train Loss: 0.2534350 Vali Loss: 0.2038748 Test Loss: 0.9655507
EarlyStopping counter: 2 out of 10
Updating learning rate to 7.178979876918531e-06
Epoch: 29 cost time: 0.7430469989776611
Epoch: 29, Steps: 20 | Train Loss: 0.2484221 Vali Loss: 0.1898371 Test Loss: 0.9651640
Validation loss decreased (0.191897 --> 0.189837).  Saving model ...
Updating learning rate to 6.4610818892266776e-06
Epoch: 30 cost time: 0.7444672584533691
Epoch: 30, Steps: 20 | Train Loss: 0.2476182 Vali Loss: 0.2011737 Test Loss: 0.9641351
EarlyStopping counter: 1 out of 10
Updating learning rate to 5.8149737003040096e-06
Epoch: 31 cost time: 0.7369379997253418
Epoch: 31, Steps: 20 | Train Loss: 0.2470118 Vali Loss: 0.2017223 Test Loss: 0.9638734
EarlyStopping counter: 2 out of 10
Updating learning rate to 5.23347633027361e-06
Epoch: 32 cost time: 0.7314839363098145
Epoch: 32, Steps: 20 | Train Loss: 0.2503448 Vali Loss: 0.2059680 Test Loss: 0.9627905
EarlyStopping counter: 3 out of 10
Updating learning rate to 4.710128697246249e-06
Epoch: 33 cost time: 0.7317068576812744
Epoch: 33, Steps: 20 | Train Loss: 0.2505210 Vali Loss: 0.2064897 Test Loss: 0.9612155
EarlyStopping counter: 4 out of 10
Updating learning rate to 4.239115827521624e-06
Epoch: 34 cost time: 0.7365870475769043
Epoch: 34, Steps: 20 | Train Loss: 0.2497346 Vali Loss: 0.2012573 Test Loss: 0.9612784
EarlyStopping counter: 5 out of 10
Updating learning rate to 3.815204244769462e-06
Epoch: 35 cost time: 0.729248046875
Epoch: 35, Steps: 20 | Train Loss: 0.2499611 Vali Loss: 0.1970031 Test Loss: 0.9607916
EarlyStopping counter: 6 out of 10
Updating learning rate to 3.4336838202925152e-06
Epoch: 36 cost time: 0.7631771564483643
Epoch: 36, Steps: 20 | Train Loss: 0.2498458 Vali Loss: 0.2009929 Test Loss: 0.9605985
EarlyStopping counter: 7 out of 10
Updating learning rate to 3.090315438263264e-06
Epoch: 37 cost time: 0.7264468669891357
Epoch: 37, Steps: 20 | Train Loss: 0.2489637 Vali Loss: 0.2051612 Test Loss: 0.9601067
EarlyStopping counter: 8 out of 10
Updating learning rate to 2.7812838944369375e-06
Epoch: 38 cost time: 0.7201619148254395
Epoch: 38, Steps: 20 | Train Loss: 0.2485520 Vali Loss: 0.1990137 Test Loss: 0.9596866
EarlyStopping counter: 9 out of 10
Updating learning rate to 2.503155504993244e-06
Epoch: 39 cost time: 0.7282791137695312
Epoch: 39, Steps: 20 | Train Loss: 0.2503197 Vali Loss: 0.1961444 Test Loss: 0.9592925
EarlyStopping counter: 10 out of 10
Early stopping
>>>>>>>testing : BTCUSD_336_96_PatchTST_custom_ftM_sl336_ll48_pl96_dm16_nh4_el3_dl1_df128_fc1_ebtimeF_dtTrue_Standard_0<<<<<<<<<<<<<<<<<<<<<<<<<<<<<<<<<
test 769
mse:0.9651640057563782, mae:0.7226489782333374, rse:0.5785528421401978
