Args in experiment:
Namespace(random_seed=2022, is_training=1, model_id='BTCUSD_336_96', model='PatchTST', data='custom', root_path='./dataset/', data_path='btcusd.csv', features='M', target='Close', freq='d', checkpoints='./checkpoints/', seq_len=336, label_len=48, pred_len=96, fc_dropout=0.3, head_dropout=0.0, patch_len=16, stride=8, padding_patch='end', revin=1, affine=0, subtract_last=0, decomposition=0, kernel_size=25, individual=0, embed_type=0, enc_in=5, dec_in=5, c_out=5, d_model=16, n_heads=4, e_layers=3, d_layers=1, d_ff=128, moving_avg=25, factor=1, distil=True, dropout=0.3, embed='timeF', activation='gelu', version='Standard', output_attention=False, do_predict=False, num_workers=1, itr=1, train_epochs=50, batch_size=128, patience=10, learning_rate=0.0001, des='Standard', loss='mse', lradj='type3', pct_start=0.3, use_amp=False, use_gpu=True, gpu=0, use_multi_gpu=False, devices='0,1,2,3', test_flop=False)
Use GPU: mps
============================================================
CONFIRMATION: Instantiated attention class for PatchTST:
  Type: <class 'layers.PatchTST_backbone._ScaledDotProductAttention'>
  Expected Version parameter: Standard
============================================================
>>>>>>>start training : BTCUSD_336_96_PatchTST_custom_ftM_sl336_ll48_pl96_dm16_nh4_el3_dl1_df128_fc1_ebtimeF_dtTrue_Standard_0>>>>>>>>>>>>>>>>>>>>>>>>>>
train 2595
val 338
test 769
Epoch: 1 cost time: 2.078871011734009
Epoch: 1, Steps: 20 | Train Loss: 0.5865572 Vali Loss: 0.3490468 Test Loss: 2.3717673
Validation loss decreased (inf --> 0.349047).  Saving model ...
Updating learning rate to 0.0001
Epoch: 2 cost time: 0.7782347202301025
Epoch: 2, Steps: 20 | Train Loss: 0.5147683 Vali Loss: 0.2917508 Test Loss: 1.7241330
Validation loss decreased (0.349047 --> 0.291751).  Saving model ...
Updating learning rate to 0.0001
Epoch: 3 cost time: 0.7918009757995605
Epoch: 3, Steps: 20 | Train Loss: 0.4099304 Vali Loss: 0.2566168 Test Loss: 1.3872043
Validation loss decreased (0.291751 --> 0.256617).  Saving model ...
Updating learning rate to 0.0001
Epoch: 4 cost time: 0.8049831390380859
Epoch: 4, Steps: 20 | Train Loss: 0.3555399 Vali Loss: 0.2472256 Test Loss: 1.2518131
Validation loss decreased (0.256617 --> 0.247226).  Saving model ...
Updating learning rate to 9e-05
Epoch: 5 cost time: 0.7667820453643799
Epoch: 5, Steps: 20 | Train Loss: 0.3300650 Vali Loss: 0.2381885 Test Loss: 1.1642627
Validation loss decreased (0.247226 --> 0.238189).  Saving model ...
Updating learning rate to 8.1e-05
Epoch: 6 cost time: 0.7774121761322021
Epoch: 6, Steps: 20 | Train Loss: 0.3102038 Vali Loss: 0.2251098 Test Loss: 1.1077172
Validation loss decreased (0.238189 --> 0.225110).  Saving model ...
Updating learning rate to 7.290000000000001e-05
Epoch: 7 cost time: 0.7919900417327881
Epoch: 7, Steps: 20 | Train Loss: 0.2971269 Vali Loss: 0.2141023 Test Loss: 1.0687441
Validation loss decreased (0.225110 --> 0.214102).  Saving model ...
Updating learning rate to 6.561e-05
Epoch: 8 cost time: 0.7931890487670898
Epoch: 8, Steps: 20 | Train Loss: 0.2868115 Vali Loss: 0.2085678 Test Loss: 1.0393380
Validation loss decreased (0.214102 --> 0.208568).  Saving model ...
Updating learning rate to 5.904900000000001e-05
Epoch: 9 cost time: 0.7649650573730469
Epoch: 9, Steps: 20 | Train Loss: 0.2761259 Vali Loss: 0.2095304 Test Loss: 1.0174557
EarlyStopping counter: 1 out of 10
Updating learning rate to 5.3144100000000005e-05
Epoch: 10 cost time: 0.7271509170532227
Epoch: 10, Steps: 20 | Train Loss: 0.2717801 Vali Loss: 0.2180348 Test Loss: 1.0041270
EarlyStopping counter: 2 out of 10
Updating learning rate to 4.782969000000001e-05
Epoch: 11 cost time: 0.7294290065765381
Epoch: 11, Steps: 20 | Train Loss: 0.2695780 Vali Loss: 0.2034241 Test Loss: 0.9977669
Validation loss decreased (0.208568 --> 0.203424).  Saving model ...
Updating learning rate to 4.304672100000001e-05
Epoch: 12 cost time: 0.7320358753204346
Epoch: 12, Steps: 20 | Train Loss: 0.2657833 Vali Loss: 0.2009664 Test Loss: 0.9883448
Validation loss decreased (0.203424 --> 0.200966).  Saving model ...
Updating learning rate to 3.874204890000001e-05
Epoch: 13 cost time: 0.7304818630218506
Epoch: 13, Steps: 20 | Train Loss: 0.2593505 Vali Loss: 0.2096748 Test Loss: 0.9820433
EarlyStopping counter: 1 out of 10
Updating learning rate to 3.486784401000001e-05
Epoch: 14 cost time: 0.7337920665740967
Epoch: 14, Steps: 20 | Train Loss: 0.2600542 Vali Loss: 0.2013125 Test Loss: 0.9750488
EarlyStopping counter: 2 out of 10
Updating learning rate to 3.138105960900001e-05
Epoch: 15 cost time: 0.7293128967285156
Epoch: 15, Steps: 20 | Train Loss: 0.2585224 Vali Loss: 0.2005725 Test Loss: 0.9726258
Validation loss decreased (0.200966 --> 0.200572).  Saving model ...
Updating learning rate to 2.824295364810001e-05
Epoch: 16 cost time: 0.7484431266784668
Epoch: 16, Steps: 20 | Train Loss: 0.2550253 Vali Loss: 0.1862816 Test Loss: 0.9666605
Validation loss decreased (0.200572 --> 0.186282).  Saving model ...
Updating learning rate to 2.541865828329001e-05
Epoch: 17 cost time: 0.7329981327056885
Epoch: 17, Steps: 20 | Train Loss: 0.2547722 Vali Loss: 0.2033530 Test Loss: 0.9642470
EarlyStopping counter: 1 out of 10
Updating learning rate to 2.287679245496101e-05
Epoch: 18 cost time: 0.7939822673797607
Epoch: 18, Steps: 20 | Train Loss: 0.2499893 Vali Loss: 0.1974161 Test Loss: 0.9615185
EarlyStopping counter: 2 out of 10
Updating learning rate to 2.0589113209464907e-05
Epoch: 19 cost time: 0.777184009552002
Epoch: 19, Steps: 20 | Train Loss: 0.2493972 Vali Loss: 0.1930184 Test Loss: 0.9598947
EarlyStopping counter: 3 out of 10
Updating learning rate to 1.8530201888518416e-05
Epoch: 20 cost time: 0.7968409061431885
Epoch: 20, Steps: 20 | Train Loss: 0.2469109 Vali Loss: 0.2017694 Test Loss: 0.9567956
EarlyStopping counter: 4 out of 10
Updating learning rate to 1.6677181699666577e-05
Epoch: 21 cost time: 0.7939407825469971
Epoch: 21, Steps: 20 | Train Loss: 0.2508423 Vali Loss: 0.2017955 Test Loss: 0.9548194
EarlyStopping counter: 5 out of 10
Updating learning rate to 1.5009463529699919e-05
Epoch: 22 cost time: 0.8101739883422852
Epoch: 22, Steps: 20 | Train Loss: 0.2469537 Vali Loss: 0.1978054 Test Loss: 0.9534858
EarlyStopping counter: 6 out of 10
Updating learning rate to 1.3508517176729929e-05
Epoch: 23 cost time: 0.7328372001647949
Epoch: 23, Steps: 20 | Train Loss: 0.2484477 Vali Loss: 0.1927750 Test Loss: 0.9524636
EarlyStopping counter: 7 out of 10
Updating learning rate to 1.2157665459056936e-05
Epoch: 24 cost time: 0.7220501899719238
Epoch: 24, Steps: 20 | Train Loss: 0.2469981 Vali Loss: 0.2014802 Test Loss: 0.9507685
EarlyStopping counter: 8 out of 10
Updating learning rate to 1.0941898913151242e-05
Epoch: 25 cost time: 0.7191979885101318
Epoch: 25, Steps: 20 | Train Loss: 0.2437760 Vali Loss: 0.1881105 Test Loss: 0.9494756
EarlyStopping counter: 9 out of 10
Updating learning rate to 9.847709021836118e-06
Epoch: 26 cost time: 0.7152209281921387
Epoch: 26, Steps: 20 | Train Loss: 0.2458679 Vali Loss: 0.1952965 Test Loss: 0.9483417
EarlyStopping counter: 10 out of 10
Early stopping
>>>>>>>testing : BTCUSD_336_96_PatchTST_custom_ftM_sl336_ll48_pl96_dm16_nh4_el3_dl1_df128_fc1_ebtimeF_dtTrue_Standard_0<<<<<<<<<<<<<<<<<<<<<<<<<<<<<<<<<
test 769
mse:0.9666605591773987, mae:0.7276408076286316, rse:0.5790011882781982
