Args in experiment:
Namespace(random_seed=2021, is_training=1, model_id='BTCUSD_336_96', model='PatchTST', data='custom', root_path='./dataset/', data_path='btcusd.csv', features='M', target='Close', freq='d', checkpoints='./checkpoints/', seq_len=336, label_len=48, pred_len=96, fc_dropout=0.3, head_dropout=0.0, patch_len=16, stride=8, padding_patch='end', revin=1, affine=0, subtract_last=0, decomposition=0, kernel_size=25, individual=0, embed_type=0, enc_in=5, dec_in=5, c_out=5, d_model=16, n_heads=4, e_layers=3, d_layers=1, d_ff=128, moving_avg=25, factor=1, distil=True, dropout=0.3, embed='timeF', activation='gelu', version='Standard', output_attention=False, do_predict=False, num_workers=1, itr=1, train_epochs=50, batch_size=128, patience=10, learning_rate=0.0001, des='Standard', loss='mse', lradj='type3', pct_start=0.3, use_amp=False, use_gpu=True, gpu=0, use_multi_gpu=False, devices='0,1,2,3', test_flop=False)
Use GPU: mps
============================================================
CONFIRMATION: Instantiated attention class for PatchTST:
  Type: <class 'layers.PatchTST_backbone._ScaledDotProductAttention'>
  Expected Version parameter: Standard
============================================================
>>>>>>>start training : BTCUSD_336_96_PatchTST_custom_ftM_sl336_ll48_pl96_dm16_nh4_el3_dl1_df128_fc1_ebtimeF_dtTrue_Standard_0>>>>>>>>>>>>>>>>>>>>>>>>>>
train 2595
val 338
test 769
Epoch: 1 cost time: 2.1047379970550537
Epoch: 1, Steps: 20 | Train Loss: 0.5964994 Vali Loss: 0.3561584 Test Loss: 2.3646889
Validation loss decreased (inf --> 0.356158).  Saving model ...
Updating learning rate to 0.0001
Epoch: 2 cost time: 0.7322909832000732
Epoch: 2, Steps: 20 | Train Loss: 0.5263531 Vali Loss: 0.2799683 Test Loss: 1.8080658
Validation loss decreased (0.356158 --> 0.279968).  Saving model ...
Updating learning rate to 0.0001
Epoch: 3 cost time: 0.767524242401123
Epoch: 3, Steps: 20 | Train Loss: 0.4277878 Vali Loss: 0.2526118 Test Loss: 1.4412913
Validation loss decreased (0.279968 --> 0.252612).  Saving model ...
Updating learning rate to 0.0001
Epoch: 4 cost time: 0.8092308044433594
Epoch: 4, Steps: 20 | Train Loss: 0.3706633 Vali Loss: 0.2538423 Test Loss: 1.2887517
EarlyStopping counter: 1 out of 10
Updating learning rate to 9e-05
Epoch: 5 cost time: 0.7997441291809082
Epoch: 5, Steps: 20 | Train Loss: 0.3409467 Vali Loss: 0.2449794 Test Loss: 1.2023747
Validation loss decreased (0.252612 --> 0.244979).  Saving model ...
Updating learning rate to 8.1e-05
Epoch: 6 cost time: 0.7886583805084229
Epoch: 6, Steps: 20 | Train Loss: 0.3202505 Vali Loss: 0.2310653 Test Loss: 1.1403651
Validation loss decreased (0.244979 --> 0.231065).  Saving model ...
Updating learning rate to 7.290000000000001e-05
Epoch: 7 cost time: 0.7359070777893066
Epoch: 7, Steps: 20 | Train Loss: 0.3029503 Vali Loss: 0.2279802 Test Loss: 1.1009982
Validation loss decreased (0.231065 --> 0.227980).  Saving model ...
Updating learning rate to 6.561e-05
Epoch: 8 cost time: 0.7324259281158447
Epoch: 8, Steps: 20 | Train Loss: 0.2932739 Vali Loss: 0.2178667 Test Loss: 1.0678149
Validation loss decreased (0.227980 --> 0.217867).  Saving model ...
Updating learning rate to 5.904900000000001e-05
Epoch: 9 cost time: 0.7405581474304199
Epoch: 9, Steps: 20 | Train Loss: 0.2862251 Vali Loss: 0.2230911 Test Loss: 1.0422472
EarlyStopping counter: 1 out of 10
Updating learning rate to 5.3144100000000005e-05
Epoch: 10 cost time: 0.7329058647155762
Epoch: 10, Steps: 20 | Train Loss: 0.2779957 Vali Loss: 0.2118869 Test Loss: 1.0236727
Validation loss decreased (0.217867 --> 0.211887).  Saving model ...
Updating learning rate to 4.782969000000001e-05
Epoch: 11 cost time: 0.73419189453125
Epoch: 11, Steps: 20 | Train Loss: 0.2733103 Vali Loss: 0.2102395 Test Loss: 1.0096017
Validation loss decreased (0.211887 --> 0.210240).  Saving model ...
Updating learning rate to 4.304672100000001e-05
Epoch: 12 cost time: 0.7219698429107666
Epoch: 12, Steps: 20 | Train Loss: 0.2695723 Vali Loss: 0.2140431 Test Loss: 0.9986482
EarlyStopping counter: 1 out of 10
Updating learning rate to 3.874204890000001e-05
Epoch: 13 cost time: 0.7207810878753662
Epoch: 13, Steps: 20 | Train Loss: 0.2666215 Vali Loss: 0.2013284 Test Loss: 0.9919724
Validation loss decreased (0.210240 --> 0.201328).  Saving model ...
Updating learning rate to 3.486784401000001e-05
Epoch: 14 cost time: 0.7216100692749023
Epoch: 14, Steps: 20 | Train Loss: 0.2611710 Vali Loss: 0.1936735 Test Loss: 0.9833792
Validation loss decreased (0.201328 --> 0.193674).  Saving model ...
Updating learning rate to 3.138105960900001e-05
Epoch: 15 cost time: 0.7211499214172363
Epoch: 15, Steps: 20 | Train Loss: 0.2600928 Vali Loss: 0.2051217 Test Loss: 0.9754249
EarlyStopping counter: 1 out of 10
Updating learning rate to 2.824295364810001e-05
Epoch: 16 cost time: 0.7369899749755859
Epoch: 16, Steps: 20 | Train Loss: 0.2572497 Vali Loss: 0.2120314 Test Loss: 0.9727083
EarlyStopping counter: 2 out of 10
Updating learning rate to 2.541865828329001e-05
Epoch: 17 cost time: 0.7308108806610107
Epoch: 17, Steps: 20 | Train Loss: 0.2567852 Vali Loss: 0.2031929 Test Loss: 0.9690633
EarlyStopping counter: 3 out of 10
Updating learning rate to 2.287679245496101e-05
Epoch: 18 cost time: 0.7221908569335938
Epoch: 18, Steps: 20 | Train Loss: 0.2560933 Vali Loss: 0.1947306 Test Loss: 0.9659649
EarlyStopping counter: 4 out of 10
Updating learning rate to 2.0589113209464907e-05
Epoch: 19 cost time: 0.7199668884277344
Epoch: 19, Steps: 20 | Train Loss: 0.2533182 Vali Loss: 0.2100905 Test Loss: 0.9622083
EarlyStopping counter: 5 out of 10
Updating learning rate to 1.8530201888518416e-05
Epoch: 20 cost time: 0.7260758876800537
Epoch: 20, Steps: 20 | Train Loss: 0.2526725 Vali Loss: 0.2002106 Test Loss: 0.9607661
EarlyStopping counter: 6 out of 10
Updating learning rate to 1.6677181699666577e-05
Epoch: 21 cost time: 0.7220649719238281
Epoch: 21, Steps: 20 | Train Loss: 0.2529092 Vali Loss: 0.2060584 Test Loss: 0.9577284
EarlyStopping counter: 7 out of 10
Updating learning rate to 1.5009463529699919e-05
Epoch: 22 cost time: 0.7207551002502441
Epoch: 22, Steps: 20 | Train Loss: 0.2490705 Vali Loss: 0.1992687 Test Loss: 0.9561741
EarlyStopping counter: 8 out of 10
Updating learning rate to 1.3508517176729929e-05
Epoch: 23 cost time: 0.7203929424285889
Epoch: 23, Steps: 20 | Train Loss: 0.2503473 Vali Loss: 0.2093975 Test Loss: 0.9546764
EarlyStopping counter: 9 out of 10
Updating learning rate to 1.2157665459056936e-05
Epoch: 24 cost time: 0.7210779190063477
Epoch: 24, Steps: 20 | Train Loss: 0.2487472 Vali Loss: 0.1962929 Test Loss: 0.9527161
EarlyStopping counter: 10 out of 10
Early stopping
>>>>>>>testing : BTCUSD_336_96_PatchTST_custom_ftM_sl336_ll48_pl96_dm16_nh4_el3_dl1_df128_fc1_ebtimeF_dtTrue_Standard_0<<<<<<<<<<<<<<<<<<<<<<<<<<<<<<<<<
test 769
mse:0.9833793044090271, mae:0.7358404994010925, rse:0.5839866995811462
