Args in experiment:
Namespace(random_seed=2022, is_training=1, model_id='AAPL_336_96', model='PatchTST', data='custom', root_path='./dataset/', data_path='aapl.csv', features='M', target='Close', freq='d', checkpoints='./checkpoints/', seq_len=336, label_len=48, pred_len=96, fc_dropout=0.3, head_dropout=0.0, patch_len=16, stride=8, padding_patch='end', revin=1, affine=0, subtract_last=0, decomposition=0, kernel_size=25, individual=0, embed_type=0, enc_in=5, dec_in=5, c_out=5, d_model=16, n_heads=4, e_layers=3, d_layers=1, d_ff=128, moving_avg=25, factor=1, distil=True, dropout=0.3, embed='timeF', activation='gelu', version='QIA', output_attention=False, do_predict=False, num_workers=1, itr=1, train_epochs=50, batch_size=128, patience=10, learning_rate=0.0001, des='QIA', loss='mse', lradj='type3', pct_start=0.3, use_amp=False, use_gpu=True, gpu=0, use_multi_gpu=False, devices='0,1,2,3', test_flop=False)
Use GPU: mps
============================================================
CONFIRMATION: Instantiated attention class for PatchTST:
  Type: <class 'layers.PatchTST_backbone._QuantumInspiredAttention'>
  Expected Version parameter: QIA
============================================================
>>>>>>>start training : AAPL_336_96_PatchTST_custom_ftM_sl336_ll48_pl96_dm16_nh4_el3_dl1_df128_fc1_ebtimeF_dtTrue_QIA_0>>>>>>>>>>>>>>>>>>>>>>>>>>
train 4240
val 574
test 1239
Epoch: 1 cost time: 3.4846949577331543
Epoch: 1, Steps: 33 | Train Loss: 0.2623762 Vali Loss: 4.3688927 Test Loss: 5.5358057
Validation loss decreased (inf --> 4.368893).  Saving model ...
Updating learning rate to 0.0001
Epoch: 2 cost time: 2.2504026889801025
Epoch: 2, Steps: 33 | Train Loss: 0.2246071 Vali Loss: 2.3596909 Test Loss: 3.7673314
Validation loss decreased (4.368893 --> 2.359691).  Saving model ...
Updating learning rate to 0.0001
Epoch: 3 cost time: 2.1846299171447754
Epoch: 3, Steps: 33 | Train Loss: 0.1792547 Vali Loss: 1.5035762 Test Loss: 3.5102305
Validation loss decreased (2.359691 --> 1.503576).  Saving model ...
Updating learning rate to 0.0001
Epoch: 4 cost time: 2.1396737098693848
Epoch: 4, Steps: 33 | Train Loss: 0.1620335 Vali Loss: 1.4397742 Test Loss: 3.2666898
Validation loss decreased (1.503576 --> 1.439774).  Saving model ...
Updating learning rate to 9e-05
Epoch: 5 cost time: 2.108556032180786
Epoch: 5, Steps: 33 | Train Loss: 0.1524850 Vali Loss: 1.5229852 Test Loss: 3.0803242
EarlyStopping counter: 1 out of 10
Updating learning rate to 8.1e-05
Epoch: 6 cost time: 2.215031862258911
Epoch: 6, Steps: 33 | Train Loss: 0.1478982 Vali Loss: 1.4590648 Test Loss: 2.9632564
EarlyStopping counter: 2 out of 10
Updating learning rate to 7.290000000000001e-05
Epoch: 7 cost time: 2.2115330696105957
Epoch: 7, Steps: 33 | Train Loss: 0.1446572 Vali Loss: 1.3463387 Test Loss: 2.8892200
Validation loss decreased (1.439774 --> 1.346339).  Saving model ...
Updating learning rate to 6.561e-05
Epoch: 8 cost time: 2.165163993835449
Epoch: 8, Steps: 33 | Train Loss: 0.1426316 Vali Loss: 1.3773170 Test Loss: 2.8362246
EarlyStopping counter: 1 out of 10
Updating learning rate to 5.904900000000001e-05
Epoch: 9 cost time: 2.179870843887329
Epoch: 9, Steps: 33 | Train Loss: 0.1412951 Vali Loss: 1.3269906 Test Loss: 2.8038647
Validation loss decreased (1.346339 --> 1.326991).  Saving model ...
Updating learning rate to 5.3144100000000005e-05
Epoch: 10 cost time: 2.2158730030059814
Epoch: 10, Steps: 33 | Train Loss: 0.1401881 Vali Loss: 1.3319860 Test Loss: 2.7802804
EarlyStopping counter: 1 out of 10
Updating learning rate to 4.782969000000001e-05
Epoch: 11 cost time: 2.1644070148468018
Epoch: 11, Steps: 33 | Train Loss: 0.1392092 Vali Loss: 1.2990719 Test Loss: 2.7623076
Validation loss decreased (1.326991 --> 1.299072).  Saving model ...
Updating learning rate to 4.304672100000001e-05
Epoch: 12 cost time: 2.221877098083496
Epoch: 12, Steps: 33 | Train Loss: 0.1382833 Vali Loss: 1.2891443 Test Loss: 2.7526789
Validation loss decreased (1.299072 --> 1.289144).  Saving model ...
Updating learning rate to 3.874204890000001e-05
Epoch: 13 cost time: 2.20331072807312
Epoch: 13, Steps: 33 | Train Loss: 0.1371132 Vali Loss: 1.2636684 Test Loss: 2.7456193
Validation loss decreased (1.289144 --> 1.263668).  Saving model ...
Updating learning rate to 3.486784401000001e-05
Epoch: 14 cost time: 2.2126901149749756
Epoch: 14, Steps: 33 | Train Loss: 0.1375107 Vali Loss: 1.2704518 Test Loss: 2.7344890
EarlyStopping counter: 1 out of 10
Updating learning rate to 3.138105960900001e-05
Epoch: 15 cost time: 2.1919310092926025
Epoch: 15, Steps: 33 | Train Loss: 0.1367037 Vali Loss: 1.2559159 Test Loss: 2.7305686
Validation loss decreased (1.263668 --> 1.255916).  Saving model ...
Updating learning rate to 2.824295364810001e-05
Epoch: 16 cost time: 2.044295072555542
Epoch: 16, Steps: 33 | Train Loss: 0.1362646 Vali Loss: 1.2241542 Test Loss: 2.7291358
Validation loss decreased (1.255916 --> 1.224154).  Saving model ...
Updating learning rate to 2.541865828329001e-05
Epoch: 17 cost time: 2.0705389976501465
Epoch: 17, Steps: 33 | Train Loss: 0.1363165 Vali Loss: 1.2474257 Test Loss: 2.7260027
EarlyStopping counter: 1 out of 10
Updating learning rate to 2.287679245496101e-05
Epoch: 18 cost time: 2.0998599529266357
Epoch: 18, Steps: 33 | Train Loss: 0.1358024 Vali Loss: 1.2098207 Test Loss: 2.7277200
Validation loss decreased (1.224154 --> 1.209821).  Saving model ...
Updating learning rate to 2.0589113209464907e-05
Epoch: 19 cost time: 2.103983163833618
Epoch: 19, Steps: 33 | Train Loss: 0.1352296 Vali Loss: 1.2398856 Test Loss: 2.7226694
EarlyStopping counter: 1 out of 10
Updating learning rate to 1.8530201888518416e-05
Epoch: 20 cost time: 2.1956961154937744
Epoch: 20, Steps: 33 | Train Loss: 0.1354564 Vali Loss: 1.1569874 Test Loss: 2.7223690
Validation loss decreased (1.209821 --> 1.156987).  Saving model ...
Updating learning rate to 1.6677181699666577e-05
Epoch: 21 cost time: 2.1660358905792236
Epoch: 21, Steps: 33 | Train Loss: 0.1349839 Vali Loss: 1.1902319 Test Loss: 2.7226524
EarlyStopping counter: 1 out of 10
Updating learning rate to 1.5009463529699919e-05
Epoch: 22 cost time: 2.175833225250244
Epoch: 22, Steps: 33 | Train Loss: 0.1352503 Vali Loss: 1.2260752 Test Loss: 2.7198982
EarlyStopping counter: 2 out of 10
Updating learning rate to 1.3508517176729929e-05
Epoch: 23 cost time: 2.17179799079895
Epoch: 23, Steps: 33 | Train Loss: 0.1350537 Vali Loss: 1.2140974 Test Loss: 2.7201047
EarlyStopping counter: 3 out of 10
Updating learning rate to 1.2157665459056936e-05
Epoch: 24 cost time: 2.0304510593414307
Epoch: 24, Steps: 33 | Train Loss: 0.1347753 Vali Loss: 1.1937883 Test Loss: 2.7176063
EarlyStopping counter: 4 out of 10
Updating learning rate to 1.0941898913151242e-05
Epoch: 25 cost time: 2.028247117996216
Epoch: 25, Steps: 33 | Train Loss: 0.1346817 Vali Loss: 1.1796221 Test Loss: 2.7166996
EarlyStopping counter: 5 out of 10
Updating learning rate to 9.847709021836118e-06
Epoch: 26 cost time: 2.0266940593719482
Epoch: 26, Steps: 33 | Train Loss: 0.1347733 Vali Loss: 1.1911860 Test Loss: 2.7178247
EarlyStopping counter: 6 out of 10
Updating learning rate to 8.862938119652508e-06
Epoch: 27 cost time: 2.200848340988159
Epoch: 27, Steps: 33 | Train Loss: 0.1342298 Vali Loss: 1.2286385 Test Loss: 2.7206953
EarlyStopping counter: 7 out of 10
Updating learning rate to 7.976644307687255e-06
Epoch: 28 cost time: 2.212193012237549
Epoch: 28, Steps: 33 | Train Loss: 0.1341869 Vali Loss: 1.1922072 Test Loss: 2.7214730
EarlyStopping counter: 8 out of 10
Updating learning rate to 7.178979876918531e-06
Epoch: 29 cost time: 2.162479877471924
Epoch: 29, Steps: 33 | Train Loss: 0.1346986 Vali Loss: 1.2089759 Test Loss: 2.7210524
EarlyStopping counter: 9 out of 10
Updating learning rate to 6.4610818892266776e-06
Epoch: 30 cost time: 2.173379898071289
Epoch: 30, Steps: 33 | Train Loss: 0.1341509 Vali Loss: 1.1916587 Test Loss: 2.7198784
EarlyStopping counter: 10 out of 10
Early stopping
>>>>>>>testing : AAPL_336_96_PatchTST_custom_ftM_sl336_ll48_pl96_dm16_nh4_el3_dl1_df128_fc1_ebtimeF_dtTrue_QIA_0<<<<<<<<<<<<<<<<<<<<<<<<<<<<<<<<<
test 1239
mse:2.7223691940307617, mae:1.1608091592788696, rse:0.23875035345554352
