Args in experiment:
Namespace(random_seed=2023, is_training=1, model_id='AAPL_336_96', model='PatchTST', data='custom', root_path='./dataset/', data_path='aapl.csv', features='M', target='Close', freq='d', checkpoints='./checkpoints/', seq_len=336, label_len=48, pred_len=96, fc_dropout=0.3, head_dropout=0.0, patch_len=16, stride=8, padding_patch='end', revin=1, affine=0, subtract_last=0, decomposition=0, kernel_size=25, individual=0, embed_type=0, enc_in=5, dec_in=5, c_out=5, d_model=16, n_heads=4, e_layers=3, d_layers=1, d_ff=128, moving_avg=25, factor=1, distil=True, dropout=0.3, embed='timeF', activation='gelu', version='QIA', output_attention=False, do_predict=False, num_workers=1, itr=1, train_epochs=50, batch_size=128, patience=10, learning_rate=0.0001, des='QIA', loss='mse', lradj='type3', pct_start=0.3, use_amp=False, use_gpu=True, gpu=0, use_multi_gpu=False, devices='0,1,2,3', test_flop=False)
Use GPU: mps
============================================================
CONFIRMATION: Instantiated attention class for PatchTST:
  Type: <class 'layers.PatchTST_backbone._QuantumInspiredAttention'>
  Expected Version parameter: QIA
============================================================
>>>>>>>start training : AAPL_336_96_PatchTST_custom_ftM_sl336_ll48_pl96_dm16_nh4_el3_dl1_df128_fc1_ebtimeF_dtTrue_QIA_0>>>>>>>>>>>>>>>>>>>>>>>>>>
train 4240
val 574
test 1239
Epoch: 1 cost time: 3.5879530906677246
Epoch: 1, Steps: 33 | Train Loss: 0.2723391 Vali Loss: 4.2934279 Test Loss: 5.5088029
Validation loss decreased (inf --> 4.293428).  Saving model ...
Updating learning rate to 0.0001
Epoch: 2 cost time: 2.2201530933380127
Epoch: 2, Steps: 33 | Train Loss: 0.2410024 Vali Loss: 2.7340276 Test Loss: 3.9631767
Validation loss decreased (4.293428 --> 2.734028).  Saving model ...
Updating learning rate to 0.0001
Epoch: 3 cost time: 2.2088961601257324
Epoch: 3, Steps: 33 | Train Loss: 0.1921383 Vali Loss: 1.6512840 Test Loss: 3.4860501
Validation loss decreased (2.734028 --> 1.651284).  Saving model ...
Updating learning rate to 0.0001
Epoch: 4 cost time: 2.1343958377838135
Epoch: 4, Steps: 33 | Train Loss: 0.1693154 Vali Loss: 1.4269123 Test Loss: 3.3312423
Validation loss decreased (1.651284 --> 1.426912).  Saving model ...
Updating learning rate to 9e-05
Epoch: 5 cost time: 2.0513463020324707
Epoch: 5, Steps: 33 | Train Loss: 0.1573226 Vali Loss: 1.4115094 Test Loss: 3.1445837
Validation loss decreased (1.426912 --> 1.411509).  Saving model ...
Updating learning rate to 8.1e-05
Epoch: 6 cost time: 2.0227389335632324
Epoch: 6, Steps: 33 | Train Loss: 0.1495980 Vali Loss: 1.4102740 Test Loss: 3.0396712
Validation loss decreased (1.411509 --> 1.410274).  Saving model ...
Updating learning rate to 7.290000000000001e-05
Epoch: 7 cost time: 2.0256471633911133
Epoch: 7, Steps: 33 | Train Loss: 0.1457736 Vali Loss: 1.3259834 Test Loss: 2.9784837
Validation loss decreased (1.410274 --> 1.325983).  Saving model ...
Updating learning rate to 6.561e-05
Epoch: 8 cost time: 2.098020076751709
Epoch: 8, Steps: 33 | Train Loss: 0.1437454 Vali Loss: 1.3387430 Test Loss: 2.9171808
EarlyStopping counter: 1 out of 10
Updating learning rate to 5.904900000000001e-05
Epoch: 9 cost time: 2.213653087615967
Epoch: 9, Steps: 33 | Train Loss: 0.1417533 Vali Loss: 1.2942163 Test Loss: 2.8805132
Validation loss decreased (1.325983 --> 1.294216).  Saving model ...
Updating learning rate to 5.3144100000000005e-05
Epoch: 10 cost time: 2.20185923576355
Epoch: 10, Steps: 33 | Train Loss: 0.1401645 Vali Loss: 1.2990613 Test Loss: 2.8399684
EarlyStopping counter: 1 out of 10
Updating learning rate to 4.782969000000001e-05
Epoch: 11 cost time: 2.0877251625061035
Epoch: 11, Steps: 33 | Train Loss: 0.1390673 Vali Loss: 1.2824254 Test Loss: 2.8167365
Validation loss decreased (1.294216 --> 1.282425).  Saving model ...
Updating learning rate to 4.304672100000001e-05
Epoch: 12 cost time: 2.2078940868377686
Epoch: 12, Steps: 33 | Train Loss: 0.1377450 Vali Loss: 1.2898316 Test Loss: 2.8032303
EarlyStopping counter: 1 out of 10
Updating learning rate to 3.874204890000001e-05
Epoch: 13 cost time: 2.1729390621185303
Epoch: 13, Steps: 33 | Train Loss: 0.1379563 Vali Loss: 1.2083015 Test Loss: 2.7955575
Validation loss decreased (1.282425 --> 1.208302).  Saving model ...
Updating learning rate to 3.486784401000001e-05
Epoch: 14 cost time: 2.181246042251587
Epoch: 14, Steps: 33 | Train Loss: 0.1374325 Vali Loss: 1.2405993 Test Loss: 2.7861245
EarlyStopping counter: 1 out of 10
Updating learning rate to 3.138105960900001e-05
Epoch: 15 cost time: 2.189283847808838
Epoch: 15, Steps: 33 | Train Loss: 0.1368667 Vali Loss: 1.1616787 Test Loss: 2.7790651
Validation loss decreased (1.208302 --> 1.161679).  Saving model ...
Updating learning rate to 2.824295364810001e-05
Epoch: 16 cost time: 2.202883005142212
Epoch: 16, Steps: 33 | Train Loss: 0.1366517 Vali Loss: 1.2502831 Test Loss: 2.7762904
EarlyStopping counter: 1 out of 10
Updating learning rate to 2.541865828329001e-05
Epoch: 17 cost time: 2.127084970474243
Epoch: 17, Steps: 33 | Train Loss: 0.1364809 Vali Loss: 1.2588785 Test Loss: 2.7724886
EarlyStopping counter: 2 out of 10
Updating learning rate to 2.287679245496101e-05
Epoch: 18 cost time: 2.1655502319335938
Epoch: 18, Steps: 33 | Train Loss: 0.1359569 Vali Loss: 1.2300134 Test Loss: 2.7699525
EarlyStopping counter: 3 out of 10
Updating learning rate to 2.0589113209464907e-05
Epoch: 19 cost time: 2.187868356704712
Epoch: 19, Steps: 33 | Train Loss: 0.1358862 Vali Loss: 1.2092654 Test Loss: 2.7661862
EarlyStopping counter: 4 out of 10
Updating learning rate to 1.8530201888518416e-05
Epoch: 20 cost time: 2.1982197761535645
Epoch: 20, Steps: 33 | Train Loss: 0.1348028 Vali Loss: 1.2554742 Test Loss: 2.7643957
EarlyStopping counter: 5 out of 10
Updating learning rate to 1.6677181699666577e-05
Epoch: 21 cost time: 2.148730993270874
Epoch: 21, Steps: 33 | Train Loss: 0.1353444 Vali Loss: 1.2212296 Test Loss: 2.7618778
EarlyStopping counter: 6 out of 10
Updating learning rate to 1.5009463529699919e-05
Epoch: 22 cost time: 2.208095073699951
Epoch: 22, Steps: 33 | Train Loss: 0.1352985 Vali Loss: 1.2021409 Test Loss: 2.7591906
EarlyStopping counter: 7 out of 10
Updating learning rate to 1.3508517176729929e-05
Epoch: 23 cost time: 2.2025349140167236
Epoch: 23, Steps: 33 | Train Loss: 0.1346641 Vali Loss: 1.1324643 Test Loss: 2.7586169
Validation loss decreased (1.161679 --> 1.132464).  Saving model ...
Updating learning rate to 1.2157665459056936e-05
Epoch: 24 cost time: 2.1167569160461426
Epoch: 24, Steps: 33 | Train Loss: 0.1346254 Vali Loss: 1.2021588 Test Loss: 2.7558887
EarlyStopping counter: 1 out of 10
Updating learning rate to 1.0941898913151242e-05
Epoch: 25 cost time: 2.1177289485931396
Epoch: 25, Steps: 33 | Train Loss: 0.1344405 Vali Loss: 1.2065722 Test Loss: 2.7542243
EarlyStopping counter: 2 out of 10
Updating learning rate to 9.847709021836118e-06
Epoch: 26 cost time: 2.0982940196990967
Epoch: 26, Steps: 33 | Train Loss: 0.1347669 Vali Loss: 1.2208947 Test Loss: 2.7539825
EarlyStopping counter: 3 out of 10
Updating learning rate to 8.862938119652508e-06
Epoch: 27 cost time: 2.0512850284576416
Epoch: 27, Steps: 33 | Train Loss: 0.1341346 Vali Loss: 1.1916528 Test Loss: 2.7526522
EarlyStopping counter: 4 out of 10
Updating learning rate to 7.976644307687255e-06
Epoch: 28 cost time: 2.0522189140319824
Epoch: 28, Steps: 33 | Train Loss: 0.1338365 Vali Loss: 1.1832507 Test Loss: 2.7519567
EarlyStopping counter: 5 out of 10
Updating learning rate to 7.178979876918531e-06
Epoch: 29 cost time: 2.1732091903686523
Epoch: 29, Steps: 33 | Train Loss: 0.1344254 Vali Loss: 1.2157329 Test Loss: 2.7523367
EarlyStopping counter: 6 out of 10
Updating learning rate to 6.4610818892266776e-06
Epoch: 30 cost time: 2.0441951751708984
Epoch: 30, Steps: 33 | Train Loss: 0.1343663 Vali Loss: 1.1612871 Test Loss: 2.7507098
EarlyStopping counter: 7 out of 10
Updating learning rate to 5.8149737003040096e-06
Epoch: 31 cost time: 2.1046459674835205
Epoch: 31, Steps: 33 | Train Loss: 0.1343249 Vali Loss: 1.1687636 Test Loss: 2.7500727
EarlyStopping counter: 8 out of 10
Updating learning rate to 5.23347633027361e-06
Epoch: 32 cost time: 2.199453353881836
Epoch: 32, Steps: 33 | Train Loss: 0.1344243 Vali Loss: 1.1807745 Test Loss: 2.7508495
EarlyStopping counter: 9 out of 10
Updating learning rate to 4.710128697246249e-06
Epoch: 33 cost time: 2.2187671661376953
Epoch: 33, Steps: 33 | Train Loss: 0.1343068 Vali Loss: 1.2296029 Test Loss: 2.7502680
EarlyStopping counter: 10 out of 10
Early stopping
>>>>>>>testing : AAPL_336_96_PatchTST_custom_ftM_sl336_ll48_pl96_dm16_nh4_el3_dl1_df128_fc1_ebtimeF_dtTrue_QIA_0<<<<<<<<<<<<<<<<<<<<<<<<<<<<<<<<<
test 1239
mse:2.7586166858673096, mae:1.1587166786193848, rse:0.24033454060554504
