Args in experiment:
Namespace(random_seed=2021, is_training=1, model_id='AAPL_336_96', model='PatchTST', data='custom', root_path='./dataset/', data_path='aapl.csv', features='M', target='Close', freq='d', checkpoints='./checkpoints/', seq_len=336, label_len=48, pred_len=96, fc_dropout=0.3, head_dropout=0.0, patch_len=16, stride=8, padding_patch='end', revin=1, affine=0, subtract_last=0, decomposition=0, kernel_size=25, individual=0, embed_type=0, enc_in=5, dec_in=5, c_out=5, d_model=16, n_heads=4, e_layers=3, d_layers=1, d_ff=128, moving_avg=25, factor=1, distil=True, dropout=0.3, embed='timeF', activation='gelu', version='QIA', output_attention=False, do_predict=False, num_workers=0, itr=1, train_epochs=50, batch_size=128, patience=10, learning_rate=0.0001, des='QIA', loss='mse', lradj='type3', pct_start=0.3, use_amp=False, use_gpu=True, gpu=0, use_multi_gpu=False, devices='0,1,2,3', test_flop=False)
Use GPU: mps
============================================================
CONFIRMATION: Instantiated attention class for PatchTST:
  Type: <class 'layers.PatchTST_backbone._QuantumInspiredAttention'>
  Expected Version parameter: QIA
============================================================
>>>>>>>start training : AAPL_336_96_PatchTST_custom_ftM_sl336_ll48_pl96_dm16_nh4_el3_dl1_df128_fc1_ebtimeF_dtTrue_QIA_0>>>>>>>>>>>>>>>>>>>>>>>>>>
train 4240
val 574
test 1239
Epoch: 1 cost time: 3.299377918243408
Epoch: 1, Steps: 33 | Train Loss: 0.2741177 Vali Loss: 4.4651442 Test Loss: 5.5069861
Validation loss decreased (inf --> 4.465144).  Saving model ...
Updating learning rate to 0.0001
Epoch: 2 cost time: 2.0915279388427734
Epoch: 2, Steps: 33 | Train Loss: 0.2386130 Vali Loss: 2.6735747 Test Loss: 3.8872435
Validation loss decreased (4.465144 --> 2.673575).  Saving model ...
Updating learning rate to 0.0001
Epoch: 3 cost time: 2.0844485759735107
Epoch: 3, Steps: 33 | Train Loss: 0.1900109 Vali Loss: 1.6498134 Test Loss: 3.4735546
Validation loss decreased (2.673575 --> 1.649813).  Saving model ...
Updating learning rate to 0.0001
Epoch: 4 cost time: 2.0677030086517334
Epoch: 4, Steps: 33 | Train Loss: 0.1689336 Vali Loss: 1.4044411 Test Loss: 3.2954741
Validation loss decreased (1.649813 --> 1.404441).  Saving model ...
Updating learning rate to 9e-05
Epoch: 5 cost time: 2.0203611850738525
Epoch: 5, Steps: 33 | Train Loss: 0.1558550 Vali Loss: 1.4532719 Test Loss: 3.1090353
EarlyStopping counter: 1 out of 10
Updating learning rate to 8.1e-05
Epoch: 6 cost time: 2.0516250133514404
Epoch: 6, Steps: 33 | Train Loss: 0.1494374 Vali Loss: 1.3915222 Test Loss: 2.9983203
Validation loss decreased (1.404441 --> 1.391522).  Saving model ...
Updating learning rate to 7.290000000000001e-05
Epoch: 7 cost time: 2.0651187896728516
Epoch: 7, Steps: 33 | Train Loss: 0.1455882 Vali Loss: 1.2979265 Test Loss: 2.9215262
Validation loss decreased (1.391522 --> 1.297927).  Saving model ...
Updating learning rate to 6.561e-05
Epoch: 8 cost time: 2.1124110221862793
Epoch: 8, Steps: 33 | Train Loss: 0.1430631 Vali Loss: 1.3496865 Test Loss: 2.8641715
EarlyStopping counter: 1 out of 10
Updating learning rate to 5.904900000000001e-05
Epoch: 9 cost time: 2.1859991550445557
Epoch: 9, Steps: 33 | Train Loss: 0.1410581 Vali Loss: 1.3041922 Test Loss: 2.8304238
EarlyStopping counter: 2 out of 10
Updating learning rate to 5.3144100000000005e-05
Epoch: 10 cost time: 2.0660128593444824
Epoch: 10, Steps: 33 | Train Loss: 0.1397034 Vali Loss: 1.2950280 Test Loss: 2.8008606
Validation loss decreased (1.297927 --> 1.295028).  Saving model ...
Updating learning rate to 4.782969000000001e-05
Epoch: 11 cost time: 2.1661500930786133
Epoch: 11, Steps: 33 | Train Loss: 0.1388395 Vali Loss: 1.2424070 Test Loss: 2.7823515
Validation loss decreased (1.295028 --> 1.242407).  Saving model ...
Updating learning rate to 4.304672100000001e-05
Epoch: 12 cost time: 2.038146734237671
Epoch: 12, Steps: 33 | Train Loss: 0.1383063 Vali Loss: 1.2351559 Test Loss: 2.7651768
Validation loss decreased (1.242407 --> 1.235156).  Saving model ...
Updating learning rate to 3.874204890000001e-05
Epoch: 13 cost time: 2.07525372505188
Epoch: 13, Steps: 33 | Train Loss: 0.1373155 Vali Loss: 1.2215329 Test Loss: 2.7589409
Validation loss decreased (1.235156 --> 1.221533).  Saving model ...
Updating learning rate to 3.486784401000001e-05
Epoch: 14 cost time: 2.1289031505584717
Epoch: 14, Steps: 33 | Train Loss: 0.1369893 Vali Loss: 1.2286861 Test Loss: 2.7509468
EarlyStopping counter: 1 out of 10
Updating learning rate to 3.138105960900001e-05
Epoch: 15 cost time: 2.0486979484558105
Epoch: 15, Steps: 33 | Train Loss: 0.1365685 Vali Loss: 1.2368506 Test Loss: 2.7495506
EarlyStopping counter: 2 out of 10
Updating learning rate to 2.824295364810001e-05
Epoch: 16 cost time: 2.0773768424987793
Epoch: 16, Steps: 33 | Train Loss: 0.1362860 Vali Loss: 1.2124925 Test Loss: 2.7509499
Validation loss decreased (1.221533 --> 1.212492).  Saving model ...
Updating learning rate to 2.541865828329001e-05
Epoch: 17 cost time: 2.114398956298828
Epoch: 17, Steps: 33 | Train Loss: 0.1356243 Vali Loss: 1.2116113 Test Loss: 2.7456684
Validation loss decreased (1.212492 --> 1.211611).  Saving model ...
Updating learning rate to 2.287679245496101e-05
Epoch: 18 cost time: 2.1311330795288086
Epoch: 18, Steps: 33 | Train Loss: 0.1353008 Vali Loss: 1.2200867 Test Loss: 2.7459178
EarlyStopping counter: 1 out of 10
Updating learning rate to 2.0589113209464907e-05
Epoch: 19 cost time: 2.145426034927368
Epoch: 19, Steps: 33 | Train Loss: 0.1351002 Vali Loss: 1.2083130 Test Loss: 2.7485974
Validation loss decreased (1.211611 --> 1.208313).  Saving model ...
Updating learning rate to 1.8530201888518416e-05
Epoch: 20 cost time: 2.1098129749298096
Epoch: 20, Steps: 33 | Train Loss: 0.1350815 Vali Loss: 1.1987634 Test Loss: 2.7446032
Validation loss decreased (1.208313 --> 1.198763).  Saving model ...
Updating learning rate to 1.6677181699666577e-05
Epoch: 21 cost time: 2.1052610874176025
Epoch: 21, Steps: 33 | Train Loss: 0.1349382 Vali Loss: 1.2108775 Test Loss: 2.7437222
EarlyStopping counter: 1 out of 10
Updating learning rate to 1.5009463529699919e-05
Epoch: 22 cost time: 2.182548999786377
Epoch: 22, Steps: 33 | Train Loss: 0.1343595 Vali Loss: 1.2037053 Test Loss: 2.7454741
EarlyStopping counter: 2 out of 10
Updating learning rate to 1.3508517176729929e-05
Epoch: 23 cost time: 2.1130130290985107
Epoch: 23, Steps: 33 | Train Loss: 0.1341899 Vali Loss: 1.1572338 Test Loss: 2.7435064
Validation loss decreased (1.198763 --> 1.157234).  Saving model ...
Updating learning rate to 1.2157665459056936e-05
Epoch: 24 cost time: 2.2200260162353516
Epoch: 24, Steps: 33 | Train Loss: 0.1348475 Vali Loss: 1.1805878 Test Loss: 2.7438917
EarlyStopping counter: 1 out of 10
Updating learning rate to 1.0941898913151242e-05
Epoch: 25 cost time: 2.1523380279541016
Epoch: 25, Steps: 33 | Train Loss: 0.1341768 Vali Loss: 1.1784382 Test Loss: 2.7453058
EarlyStopping counter: 2 out of 10
Updating learning rate to 9.847709021836118e-06
Epoch: 26 cost time: 2.2213358879089355
Epoch: 26, Steps: 33 | Train Loss: 0.1343267 Vali Loss: 1.1870353 Test Loss: 2.7449110
EarlyStopping counter: 3 out of 10
Updating learning rate to 8.862938119652508e-06
Epoch: 27 cost time: 2.2123560905456543
Epoch: 27, Steps: 33 | Train Loss: 0.1340836 Vali Loss: 1.1647689 Test Loss: 2.7439702
EarlyStopping counter: 4 out of 10
Updating learning rate to 7.976644307687255e-06
Epoch: 28 cost time: 2.0646469593048096
Epoch: 28, Steps: 33 | Train Loss: 0.1337941 Vali Loss: 1.1712637 Test Loss: 2.7420142
EarlyStopping counter: 5 out of 10
Updating learning rate to 7.178979876918531e-06
Epoch: 29 cost time: 2.173187732696533
Epoch: 29, Steps: 33 | Train Loss: 0.1341093 Vali Loss: 1.1296599 Test Loss: 2.7429953
Validation loss decreased (1.157234 --> 1.129660).  Saving model ...
Updating learning rate to 6.4610818892266776e-06
Epoch: 30 cost time: 2.099100112915039
Epoch: 30, Steps: 33 | Train Loss: 0.1340085 Vali Loss: 1.1685543 Test Loss: 2.7412479
EarlyStopping counter: 1 out of 10
Updating learning rate to 5.8149737003040096e-06
Epoch: 31 cost time: 2.0207579135894775
Epoch: 31, Steps: 33 | Train Loss: 0.1336468 Vali Loss: 1.1692878 Test Loss: 2.7417331
EarlyStopping counter: 2 out of 10
Updating learning rate to 5.23347633027361e-06
Epoch: 32 cost time: 2.0205070972442627
Epoch: 32, Steps: 33 | Train Loss: 0.1340497 Vali Loss: 1.1565709 Test Loss: 2.7414007
EarlyStopping counter: 3 out of 10
Updating learning rate to 4.710128697246249e-06
Epoch: 33 cost time: 2.0194907188415527
Epoch: 33, Steps: 33 | Train Loss: 0.1340167 Vali Loss: 1.1896154 Test Loss: 2.7403538
EarlyStopping counter: 4 out of 10
Updating learning rate to 4.239115827521624e-06
Epoch: 34 cost time: 2.0195271968841553
Epoch: 34, Steps: 33 | Train Loss: 0.1336549 Vali Loss: 1.1287303 Test Loss: 2.7403460
Validation loss decreased (1.129660 --> 1.128730).  Saving model ...
Updating learning rate to 3.815204244769462e-06
Epoch: 35 cost time: 2.0283501148223877
Epoch: 35, Steps: 33 | Train Loss: 0.1342510 Vali Loss: 1.1625009 Test Loss: 2.7413759
EarlyStopping counter: 1 out of 10
Updating learning rate to 3.4336838202925152e-06
Epoch: 36 cost time: 2.045179843902588
Epoch: 36, Steps: 33 | Train Loss: 0.1331383 Vali Loss: 1.1439520 Test Loss: 2.7412310
EarlyStopping counter: 2 out of 10
Updating learning rate to 3.090315438263264e-06
Epoch: 37 cost time: 2.109093189239502
Epoch: 37, Steps: 33 | Train Loss: 0.1338868 Vali Loss: 1.1662353 Test Loss: 2.7409053
EarlyStopping counter: 3 out of 10
Updating learning rate to 2.7812838944369375e-06
Epoch: 38 cost time: 2.0819809436798096
Epoch: 38, Steps: 33 | Train Loss: 0.1338866 Vali Loss: 1.1780405 Test Loss: 2.7414148
EarlyStopping counter: 4 out of 10
Updating learning rate to 2.503155504993244e-06
Epoch: 39 cost time: 2.1754543781280518
Epoch: 39, Steps: 33 | Train Loss: 0.1334083 Vali Loss: 1.1549716 Test Loss: 2.7427042
EarlyStopping counter: 5 out of 10
Updating learning rate to 2.2528399544939195e-06
Epoch: 40 cost time: 2.0940799713134766
Epoch: 40, Steps: 33 | Train Loss: 0.1336158 Vali Loss: 1.1337700 Test Loss: 2.7428658
EarlyStopping counter: 6 out of 10
Updating learning rate to 2.0275559590445276e-06
Epoch: 41 cost time: 2.1240267753601074
Epoch: 41, Steps: 33 | Train Loss: 0.1333059 Vali Loss: 1.1721356 Test Loss: 2.7423098
EarlyStopping counter: 7 out of 10
Updating learning rate to 1.8248003631400751e-06
Epoch: 42 cost time: 2.0877890586853027
Epoch: 42, Steps: 33 | Train Loss: 0.1333354 Vali Loss: 1.1298100 Test Loss: 2.7426746
EarlyStopping counter: 8 out of 10
Updating learning rate to 1.6423203268260676e-06
Epoch: 43 cost time: 2.0522408485412598
Epoch: 43, Steps: 33 | Train Loss: 0.1337675 Vali Loss: 1.1611071 Test Loss: 2.7428274
EarlyStopping counter: 9 out of 10
Updating learning rate to 1.4780882941434609e-06
Epoch: 44 cost time: 2.0292327404022217
Epoch: 44, Steps: 33 | Train Loss: 0.1337823 Vali Loss: 1.1630805 Test Loss: 2.7424886
EarlyStopping counter: 10 out of 10
Early stopping
>>>>>>>testing : AAPL_336_96_PatchTST_custom_ftM_sl336_ll48_pl96_dm16_nh4_el3_dl1_df128_fc1_ebtimeF_dtTrue_QIA_0<<<<<<<<<<<<<<<<<<<<<<<<<<<<<<<<<
test 1239
mse:2.7403461933135986, mae:1.157202124595642, rse:0.2395373433828354
