Args in experiment:
Namespace(random_seed=2022, is_training=1, model_id='AAPL_336_96', model='PatchTST', data='custom', root_path='./dataset/', data_path='aapl.csv', features='M', target='Close', freq='d', checkpoints='./checkpoints/', seq_len=336, label_len=48, pred_len=96, fc_dropout=0.3, head_dropout=0.0, patch_len=16, stride=8, padding_patch='end', revin=1, affine=0, subtract_last=0, decomposition=0, kernel_size=25, individual=0, embed_type=0, enc_in=5, dec_in=5, c_out=5, d_model=16, n_heads=4, e_layers=3, d_layers=1, d_ff=128, moving_avg=25, factor=1, distil=True, dropout=0.3, embed='timeF', activation='gelu', version='Standard', output_attention=False, do_predict=False, num_workers=1, itr=1, train_epochs=50, batch_size=128, patience=10, learning_rate=0.0001, des='Standard', loss='mse', lradj='type3', pct_start=0.3, use_amp=False, use_gpu=True, gpu=0, use_multi_gpu=False, devices='0,1,2,3', test_flop=False)
Use GPU: mps
============================================================
CONFIRMATION: Instantiated attention class for PatchTST:
  Type: <class 'layers.PatchTST_backbone._ScaledDotProductAttention'>
  Expected Version parameter: Standard
============================================================
>>>>>>>start training : AAPL_336_96_PatchTST_custom_ftM_sl336_ll48_pl96_dm16_nh4_el3_dl1_df128_fc1_ebtimeF_dtTrue_Standard_0>>>>>>>>>>>>>>>>>>>>>>>>>>
train 4240
val 574
test 1239
Epoch: 1 cost time: 2.7004940509796143
Epoch: 1, Steps: 33 | Train Loss: 0.2689902 Vali Loss: 4.3822117 Test Loss: 5.5438766
Validation loss decreased (inf --> 4.382212).  Saving model ...
Updating learning rate to 0.0001
Epoch: 2 cost time: 1.2334520816802979
Epoch: 2, Steps: 33 | Train Loss: 0.2306866 Vali Loss: 2.4421411 Test Loss: 3.7974684
Validation loss decreased (4.382212 --> 2.442141).  Saving model ...
Updating learning rate to 0.0001
Epoch: 3 cost time: 1.3574020862579346
Epoch: 3, Steps: 33 | Train Loss: 0.1816743 Vali Loss: 1.5102360 Test Loss: 3.5140369
Validation loss decreased (2.442141 --> 1.510236).  Saving model ...
Updating learning rate to 0.0001
Epoch: 4 cost time: 1.2715208530426025
Epoch: 4, Steps: 33 | Train Loss: 0.1626467 Vali Loss: 1.4057064 Test Loss: 3.2873383
Validation loss decreased (1.510236 --> 1.405706).  Saving model ...
Updating learning rate to 9e-05
Epoch: 5 cost time: 1.3169500827789307
Epoch: 5, Steps: 33 | Train Loss: 0.1523027 Vali Loss: 1.5045731 Test Loss: 3.0975492
EarlyStopping counter: 1 out of 10
Updating learning rate to 8.1e-05
Epoch: 6 cost time: 1.3405749797821045
Epoch: 6, Steps: 33 | Train Loss: 0.1471392 Vali Loss: 1.4520633 Test Loss: 2.9832273
EarlyStopping counter: 2 out of 10
Updating learning rate to 7.290000000000001e-05
Epoch: 7 cost time: 1.352229118347168
Epoch: 7, Steps: 33 | Train Loss: 0.1436697 Vali Loss: 1.3400109 Test Loss: 2.9090490
Validation loss decreased (1.405706 --> 1.340011).  Saving model ...
Updating learning rate to 6.561e-05
Epoch: 8 cost time: 1.2831289768218994
Epoch: 8, Steps: 33 | Train Loss: 0.1414785 Vali Loss: 1.3726462 Test Loss: 2.8528893
EarlyStopping counter: 1 out of 10
Updating learning rate to 5.904900000000001e-05
Epoch: 9 cost time: 1.325923204421997
Epoch: 9, Steps: 33 | Train Loss: 0.1400565 Vali Loss: 1.3298042 Test Loss: 2.8164992
Validation loss decreased (1.340011 --> 1.329804).  Saving model ...
Updating learning rate to 5.3144100000000005e-05
Epoch: 10 cost time: 1.3607828617095947
Epoch: 10, Steps: 33 | Train Loss: 0.1387892 Vali Loss: 1.3375187 Test Loss: 2.7896707
EarlyStopping counter: 1 out of 10
Updating learning rate to 4.782969000000001e-05
Epoch: 11 cost time: 1.3215391635894775
Epoch: 11, Steps: 33 | Train Loss: 0.1374902 Vali Loss: 1.3021044 Test Loss: 2.7691717
Validation loss decreased (1.329804 --> 1.302104).  Saving model ...
Updating learning rate to 4.304672100000001e-05
Epoch: 12 cost time: 1.3123719692230225
Epoch: 12, Steps: 33 | Train Loss: 0.1366909 Vali Loss: 1.2956587 Test Loss: 2.7578170
Validation loss decreased (1.302104 --> 1.295659).  Saving model ...
Updating learning rate to 3.874204890000001e-05
Epoch: 13 cost time: 1.3281190395355225
Epoch: 13, Steps: 33 | Train Loss: 0.1352698 Vali Loss: 1.2729297 Test Loss: 2.7478187
Validation loss decreased (1.295659 --> 1.272930).  Saving model ...
Updating learning rate to 3.486784401000001e-05
Epoch: 14 cost time: 1.3169171810150146
Epoch: 14, Steps: 33 | Train Loss: 0.1355352 Vali Loss: 1.2806387 Test Loss: 2.7364094
EarlyStopping counter: 1 out of 10
Updating learning rate to 3.138105960900001e-05
Epoch: 15 cost time: 1.2983009815216064
Epoch: 15, Steps: 33 | Train Loss: 0.1347091 Vali Loss: 1.2714884 Test Loss: 2.7312324
Validation loss decreased (1.272930 --> 1.271488).  Saving model ...
Updating learning rate to 2.824295364810001e-05
Epoch: 16 cost time: 1.303011178970337
Epoch: 16, Steps: 33 | Train Loss: 0.1341897 Vali Loss: 1.2362771 Test Loss: 2.7301021
Validation loss decreased (1.271488 --> 1.236277).  Saving model ...
Updating learning rate to 2.541865828329001e-05
Epoch: 17 cost time: 1.3187220096588135
Epoch: 17, Steps: 33 | Train Loss: 0.1341857 Vali Loss: 1.2635496 Test Loss: 2.7265084
EarlyStopping counter: 1 out of 10
Updating learning rate to 2.287679245496101e-05
Epoch: 18 cost time: 1.2959799766540527
Epoch: 18, Steps: 33 | Train Loss: 0.1335939 Vali Loss: 1.2288175 Test Loss: 2.7248666
Validation loss decreased (1.236277 --> 1.228817).  Saving model ...
Updating learning rate to 2.0589113209464907e-05
Epoch: 19 cost time: 1.2967078685760498
Epoch: 19, Steps: 33 | Train Loss: 0.1329337 Vali Loss: 1.2645690 Test Loss: 2.7194893
EarlyStopping counter: 1 out of 10
Updating learning rate to 1.8530201888518416e-05
Epoch: 20 cost time: 1.3018150329589844
Epoch: 20, Steps: 33 | Train Loss: 0.1329612 Vali Loss: 1.1758993 Test Loss: 2.7195003
Validation loss decreased (1.228817 --> 1.175899).  Saving model ...
Updating learning rate to 1.6677181699666577e-05
Epoch: 21 cost time: 1.3209998607635498
Epoch: 21, Steps: 33 | Train Loss: 0.1325461 Vali Loss: 1.2162811 Test Loss: 2.7192786
EarlyStopping counter: 1 out of 10
Updating learning rate to 1.5009463529699919e-05
Epoch: 22 cost time: 1.2910592555999756
Epoch: 22, Steps: 33 | Train Loss: 0.1329003 Vali Loss: 1.2546511 Test Loss: 2.7164814
EarlyStopping counter: 2 out of 10
Updating learning rate to 1.3508517176729929e-05
Epoch: 23 cost time: 1.2694358825683594
Epoch: 23, Steps: 33 | Train Loss: 0.1325019 Vali Loss: 1.2413371 Test Loss: 2.7165494
EarlyStopping counter: 3 out of 10
Updating learning rate to 1.2157665459056936e-05
Epoch: 24 cost time: 1.3117780685424805
Epoch: 24, Steps: 33 | Train Loss: 0.1321536 Vali Loss: 1.2233443 Test Loss: 2.7150912
EarlyStopping counter: 4 out of 10
Updating learning rate to 1.0941898913151242e-05
Epoch: 25 cost time: 1.2490170001983643
Epoch: 25, Steps: 33 | Train Loss: 0.1320292 Vali Loss: 1.2094672 Test Loss: 2.7133179
EarlyStopping counter: 5 out of 10
Updating learning rate to 9.847709021836118e-06
Epoch: 26 cost time: 1.223217248916626
Epoch: 26, Steps: 33 | Train Loss: 0.1321029 Vali Loss: 1.2202388 Test Loss: 2.7145660
EarlyStopping counter: 6 out of 10
Updating learning rate to 8.862938119652508e-06
Epoch: 27 cost time: 1.295170783996582
Epoch: 27, Steps: 33 | Train Loss: 0.1315081 Vali Loss: 1.2650580 Test Loss: 2.7159922
EarlyStopping counter: 7 out of 10
Updating learning rate to 7.976644307687255e-06
Epoch: 28 cost time: 1.316460132598877
Epoch: 28, Steps: 33 | Train Loss: 0.1315945 Vali Loss: 1.2250552 Test Loss: 2.7171643
EarlyStopping counter: 8 out of 10
Updating learning rate to 7.178979876918531e-06
Epoch: 29 cost time: 1.217087984085083
Epoch: 29, Steps: 33 | Train Loss: 0.1320888 Vali Loss: 1.2420993 Test Loss: 2.7162888
EarlyStopping counter: 9 out of 10
Updating learning rate to 6.4610818892266776e-06
Epoch: 30 cost time: 1.1956689357757568
Epoch: 30, Steps: 33 | Train Loss: 0.1312396 Vali Loss: 1.2269950 Test Loss: 2.7153201
EarlyStopping counter: 10 out of 10
Early stopping
>>>>>>>testing : AAPL_336_96_PatchTST_custom_ftM_sl336_ll48_pl96_dm16_nh4_el3_dl1_df128_fc1_ebtimeF_dtTrue_Standard_0<<<<<<<<<<<<<<<<<<<<<<<<<<<<<<<<<
test 1239
mse:2.7195000648498535, mae:1.1593835353851318, rse:0.23862449824810028
