Args in experiment:
Namespace(random_seed=2023, is_training=1, model_id='AAPL_336_96', model='PatchTST', data='custom', root_path='./dataset/', data_path='aapl.csv', features='M', target='Close', freq='d', checkpoints='./checkpoints/', seq_len=336, label_len=48, pred_len=96, fc_dropout=0.3, head_dropout=0.0, patch_len=16, stride=8, padding_patch='end', revin=1, affine=0, subtract_last=0, decomposition=0, kernel_size=25, individual=0, embed_type=0, enc_in=5, dec_in=5, c_out=5, d_model=16, n_heads=4, e_layers=3, d_layers=1, d_ff=128, moving_avg=25, factor=1, distil=True, dropout=0.3, embed='timeF', activation='gelu', version='Standard', output_attention=False, do_predict=False, num_workers=1, itr=1, train_epochs=50, batch_size=128, patience=10, learning_rate=0.0001, des='Standard', loss='mse', lradj='type3', pct_start=0.3, use_amp=False, use_gpu=True, gpu=0, use_multi_gpu=False, devices='0,1,2,3', test_flop=False)
Use GPU: mps
============================================================
CONFIRMATION: Instantiated attention class for PatchTST:
  Type: <class 'layers.PatchTST_backbone._ScaledDotProductAttention'>
  Expected Version parameter: Standard
============================================================
>>>>>>>start training : AAPL_336_96_PatchTST_custom_ftM_sl336_ll48_pl96_dm16_nh4_el3_dl1_df128_fc1_ebtimeF_dtTrue_Standard_0>>>>>>>>>>>>>>>>>>>>>>>>>>
train 4240
val 574
test 1239
Epoch: 1 cost time: 2.6572442054748535
Epoch: 1, Steps: 33 | Train Loss: 0.2789820 Vali Loss: 4.2934084 Test Loss: 5.4997001
Validation loss decreased (inf --> 4.293408).  Saving model ...
Updating learning rate to 0.0001
Epoch: 2 cost time: 1.3073790073394775
Epoch: 2, Steps: 33 | Train Loss: 0.2479105 Vali Loss: 2.8714323 Test Loss: 4.0481195
Validation loss decreased (4.293408 --> 2.871432).  Saving model ...
Updating learning rate to 0.0001
Epoch: 3 cost time: 1.2988131046295166
Epoch: 3, Steps: 33 | Train Loss: 0.1972818 Vali Loss: 1.7751462 Test Loss: 3.4742045
Validation loss decreased (2.871432 --> 1.775146).  Saving model ...
Updating learning rate to 0.0001
Epoch: 4 cost time: 1.2551689147949219
Epoch: 4, Steps: 33 | Train Loss: 0.1724716 Vali Loss: 1.4439118 Test Loss: 3.3543005
Validation loss decreased (1.775146 --> 1.443912).  Saving model ...
Updating learning rate to 9e-05
Epoch: 5 cost time: 1.3167970180511475
Epoch: 5, Steps: 33 | Train Loss: 0.1601134 Vali Loss: 1.4074175 Test Loss: 3.1763818
Validation loss decreased (1.443912 --> 1.407418).  Saving model ...
Updating learning rate to 8.1e-05
Epoch: 6 cost time: 1.2424561977386475
Epoch: 6, Steps: 33 | Train Loss: 0.1514319 Vali Loss: 1.4238834 Test Loss: 3.0741506
EarlyStopping counter: 1 out of 10
Updating learning rate to 7.290000000000001e-05
Epoch: 7 cost time: 1.3258402347564697
Epoch: 7, Steps: 33 | Train Loss: 0.1468052 Vali Loss: 1.3398614 Test Loss: 3.0178108
Validation loss decreased (1.407418 --> 1.339861).  Saving model ...
Updating learning rate to 6.561e-05
Epoch: 8 cost time: 1.2262001037597656
Epoch: 8, Steps: 33 | Train Loss: 0.1441325 Vali Loss: 1.3423208 Test Loss: 2.9631827
EarlyStopping counter: 1 out of 10
Updating learning rate to 5.904900000000001e-05
Epoch: 9 cost time: 1.2485978603363037
Epoch: 9, Steps: 33 | Train Loss: 0.1417437 Vali Loss: 1.2951642 Test Loss: 2.9285803
Validation loss decreased (1.339861 --> 1.295164).  Saving model ...
Updating learning rate to 5.3144100000000005e-05
Epoch: 10 cost time: 1.329571008682251
Epoch: 10, Steps: 33 | Train Loss: 0.1397495 Vali Loss: 1.2987856 Test Loss: 2.8903868
EarlyStopping counter: 1 out of 10
Updating learning rate to 4.782969000000001e-05
Epoch: 11 cost time: 1.3233728408813477
Epoch: 11, Steps: 33 | Train Loss: 0.1383586 Vali Loss: 1.2851562 Test Loss: 2.8669710
Validation loss decreased (1.295164 --> 1.285156).  Saving model ...
Updating learning rate to 4.304672100000001e-05
Epoch: 12 cost time: 1.2507169246673584
Epoch: 12, Steps: 33 | Train Loss: 0.1368570 Vali Loss: 1.2918847 Test Loss: 2.8548033
EarlyStopping counter: 1 out of 10
Updating learning rate to 3.874204890000001e-05
Epoch: 13 cost time: 1.3110756874084473
Epoch: 13, Steps: 33 | Train Loss: 0.1369624 Vali Loss: 1.2128016 Test Loss: 2.8478873
Validation loss decreased (1.285156 --> 1.212802).  Saving model ...
Updating learning rate to 3.486784401000001e-05
Epoch: 14 cost time: 1.2729270458221436
Epoch: 14, Steps: 33 | Train Loss: 0.1361852 Vali Loss: 1.2441330 Test Loss: 2.8399675
EarlyStopping counter: 1 out of 10
Updating learning rate to 3.138105960900001e-05
Epoch: 15 cost time: 1.2808048725128174
Epoch: 15, Steps: 33 | Train Loss: 0.1354468 Vali Loss: 1.1681166 Test Loss: 2.8335831
Validation loss decreased (1.212802 --> 1.168117).  Saving model ...
Updating learning rate to 2.824295364810001e-05
Epoch: 16 cost time: 1.2933039665222168
Epoch: 16, Steps: 33 | Train Loss: 0.1350333 Vali Loss: 1.2568867 Test Loss: 2.8323512
EarlyStopping counter: 1 out of 10
Updating learning rate to 2.541865828329001e-05
Epoch: 17 cost time: 1.3210549354553223
Epoch: 17, Steps: 33 | Train Loss: 0.1347636 Vali Loss: 1.2650809 Test Loss: 2.8295729
EarlyStopping counter: 2 out of 10
Updating learning rate to 2.287679245496101e-05
Epoch: 18 cost time: 1.3132901191711426
Epoch: 18, Steps: 33 | Train Loss: 0.1342100 Vali Loss: 1.2379210 Test Loss: 2.8276610
EarlyStopping counter: 3 out of 10
Updating learning rate to 2.0589113209464907e-05
Epoch: 19 cost time: 1.3131718635559082
Epoch: 19, Steps: 33 | Train Loss: 0.1338500 Vali Loss: 1.2195793 Test Loss: 2.8254461
EarlyStopping counter: 4 out of 10
Updating learning rate to 1.8530201888518416e-05
Epoch: 20 cost time: 1.3138279914855957
Epoch: 20, Steps: 33 | Train Loss: 0.1328219 Vali Loss: 1.2699142 Test Loss: 2.8245211
EarlyStopping counter: 5 out of 10
Updating learning rate to 1.6677181699666577e-05
Epoch: 21 cost time: 1.3422861099243164
Epoch: 21, Steps: 33 | Train Loss: 0.1333362 Vali Loss: 1.2355336 Test Loss: 2.8237333
EarlyStopping counter: 6 out of 10
Updating learning rate to 1.5009463529699919e-05
Epoch: 22 cost time: 1.2879595756530762
Epoch: 22, Steps: 33 | Train Loss: 0.1331060 Vali Loss: 1.2177912 Test Loss: 2.8216116
EarlyStopping counter: 7 out of 10
Updating learning rate to 1.3508517176729929e-05
Epoch: 23 cost time: 1.340165138244629
Epoch: 23, Steps: 33 | Train Loss: 0.1324699 Vali Loss: 1.1454926 Test Loss: 2.8219097
Validation loss decreased (1.168117 --> 1.145493).  Saving model ...
Updating learning rate to 1.2157665459056936e-05
Epoch: 24 cost time: 1.2993831634521484
Epoch: 24, Steps: 33 | Train Loss: 0.1324249 Vali Loss: 1.2165008 Test Loss: 2.8200350
EarlyStopping counter: 1 out of 10
Updating learning rate to 1.0941898913151242e-05
Epoch: 25 cost time: 1.2539210319519043
Epoch: 25, Steps: 33 | Train Loss: 0.1321811 Vali Loss: 1.2233796 Test Loss: 2.8190355
EarlyStopping counter: 2 out of 10
Updating learning rate to 9.847709021836118e-06
Epoch: 26 cost time: 1.293478012084961
Epoch: 26, Steps: 33 | Train Loss: 0.1325392 Vali Loss: 1.2392530 Test Loss: 2.8194828
EarlyStopping counter: 3 out of 10
Updating learning rate to 8.862938119652508e-06
Epoch: 27 cost time: 1.3267431259155273
Epoch: 27, Steps: 33 | Train Loss: 0.1317067 Vali Loss: 1.2102908 Test Loss: 2.8180618
EarlyStopping counter: 4 out of 10
Updating learning rate to 7.976644307687255e-06
Epoch: 28 cost time: 1.3337819576263428
Epoch: 28, Steps: 33 | Train Loss: 0.1315579 Vali Loss: 1.2039108 Test Loss: 2.8174472
EarlyStopping counter: 5 out of 10
Updating learning rate to 7.178979876918531e-06
Epoch: 29 cost time: 1.275010108947754
Epoch: 29, Steps: 33 | Train Loss: 0.1319145 Vali Loss: 1.2354807 Test Loss: 2.8183722
EarlyStopping counter: 6 out of 10
Updating learning rate to 6.4610818892266776e-06
Epoch: 30 cost time: 1.3108391761779785
Epoch: 30, Steps: 33 | Train Loss: 0.1320806 Vali Loss: 1.1788566 Test Loss: 2.8174090
EarlyStopping counter: 7 out of 10
Updating learning rate to 5.8149737003040096e-06
Epoch: 31 cost time: 1.3144798278808594
Epoch: 31, Steps: 33 | Train Loss: 0.1317032 Vali Loss: 1.1867251 Test Loss: 2.8174493
EarlyStopping counter: 8 out of 10
Updating learning rate to 5.23347633027361e-06
Epoch: 32 cost time: 1.3104190826416016
Epoch: 32, Steps: 33 | Train Loss: 0.1318654 Vali Loss: 1.1994370 Test Loss: 2.8181226
EarlyStopping counter: 9 out of 10
Updating learning rate to 4.710128697246249e-06
Epoch: 33 cost time: 1.3179559707641602
Epoch: 33, Steps: 33 | Train Loss: 0.1317879 Vali Loss: 1.2505453 Test Loss: 2.8179722
EarlyStopping counter: 10 out of 10
Early stopping
>>>>>>>testing : AAPL_336_96_PatchTST_custom_ftM_sl336_ll48_pl96_dm16_nh4_el3_dl1_df128_fc1_ebtimeF_dtTrue_Standard_0<<<<<<<<<<<<<<<<<<<<<<<<<<<<<<<<<
test 1239
mse:2.8219099044799805, mae:1.169480562210083, rse:0.24307599663734436
