Args in experiment:
Namespace(random_seed=2020, is_training=1, model_id='AAPL_336_96', model='PatchTST', data='custom', root_path='./dataset/', data_path='aapl.csv', features='M', target='Close', freq='d', checkpoints='./checkpoints/', seq_len=336, label_len=48, pred_len=96, fc_dropout=0.3, head_dropout=0.0, patch_len=16, stride=8, padding_patch='end', revin=1, affine=0, subtract_last=0, decomposition=0, kernel_size=25, individual=0, embed_type=0, enc_in=5, dec_in=5, c_out=5, d_model=16, n_heads=4, e_layers=3, d_layers=1, d_ff=128, moving_avg=25, factor=1, distil=True, dropout=0.3, embed='timeF', activation='gelu', version='Standard', output_attention=False, do_predict=False, num_workers=1, itr=1, train_epochs=50, batch_size=128, patience=10, learning_rate=0.0001, des='Standard', loss='mse', lradj='type3', pct_start=0.3, use_amp=False, use_gpu=True, gpu=0, use_multi_gpu=False, devices='0,1,2,3', test_flop=False)
Use GPU: mps
============================================================
CONFIRMATION: Instantiated attention class for PatchTST:
  Type: <class 'layers.PatchTST_backbone._ScaledDotProductAttention'>
  Expected Version parameter: Standard
============================================================
>>>>>>>start training : AAPL_336_96_PatchTST_custom_ftM_sl336_ll48_pl96_dm16_nh4_el3_dl1_df128_fc1_ebtimeF_dtTrue_Standard_0>>>>>>>>>>>>>>>>>>>>>>>>>>
train 4240
val 574
test 1239
Epoch: 1 cost time: 2.7075929641723633
Epoch: 1, Steps: 33 | Train Loss: 0.2799579 Vali Loss: 4.4151583 Test Loss: 5.5680513
Validation loss decreased (inf --> 4.415158).  Saving model ...
Updating learning rate to 0.0001
Epoch: 2 cost time: 1.3053297996520996
Epoch: 2, Steps: 33 | Train Loss: 0.2474984 Vali Loss: 2.8193920 Test Loss: 3.9873657
Validation loss decreased (4.415158 --> 2.819392).  Saving model ...
Updating learning rate to 0.0001
Epoch: 3 cost time: 1.3398830890655518
Epoch: 3, Steps: 33 | Train Loss: 0.1943210 Vali Loss: 1.6228758 Test Loss: 3.4186423
Validation loss decreased (2.819392 --> 1.622876).  Saving model ...
Updating learning rate to 0.0001
Epoch: 4 cost time: 1.3041858673095703
Epoch: 4, Steps: 33 | Train Loss: 0.1690288 Vali Loss: 1.3133525 Test Loss: 3.3160286
Validation loss decreased (1.622876 --> 1.313352).  Saving model ...
Updating learning rate to 9e-05
Epoch: 5 cost time: 1.3031961917877197
Epoch: 5, Steps: 33 | Train Loss: 0.1559538 Vali Loss: 1.3828156 Test Loss: 3.1127274
EarlyStopping counter: 1 out of 10
Updating learning rate to 8.1e-05
Epoch: 6 cost time: 1.329613208770752
Epoch: 6, Steps: 33 | Train Loss: 0.1483032 Vali Loss: 1.3379699 Test Loss: 3.0263121
EarlyStopping counter: 2 out of 10
Updating learning rate to 7.290000000000001e-05
Epoch: 7 cost time: 1.2984788417816162
Epoch: 7, Steps: 33 | Train Loss: 0.1435496 Vali Loss: 1.3249186 Test Loss: 2.9611330
EarlyStopping counter: 3 out of 10
Updating learning rate to 6.561e-05
Epoch: 8 cost time: 1.3270890712738037
Epoch: 8, Steps: 33 | Train Loss: 0.1409559 Vali Loss: 1.2738010 Test Loss: 2.9121518
Validation loss decreased (1.313352 --> 1.273801).  Saving model ...
Updating learning rate to 5.904900000000001e-05
Epoch: 9 cost time: 1.3360111713409424
Epoch: 9, Steps: 33 | Train Loss: 0.1387000 Vali Loss: 1.2932959 Test Loss: 2.8717928
EarlyStopping counter: 1 out of 10
Updating learning rate to 5.3144100000000005e-05
Epoch: 10 cost time: 1.2072439193725586
Epoch: 10, Steps: 33 | Train Loss: 0.1369280 Vali Loss: 1.2569375 Test Loss: 2.8437512
Validation loss decreased (1.273801 --> 1.256938).  Saving model ...
Updating learning rate to 4.782969000000001e-05
Epoch: 11 cost time: 1.2291438579559326
Epoch: 11, Steps: 33 | Train Loss: 0.1358659 Vali Loss: 1.2096276 Test Loss: 2.8305120
Validation loss decreased (1.256938 --> 1.209628).  Saving model ...
Updating learning rate to 4.304672100000001e-05
Epoch: 12 cost time: 1.1960101127624512
Epoch: 12, Steps: 33 | Train Loss: 0.1344139 Vali Loss: 1.2259932 Test Loss: 2.8213081
EarlyStopping counter: 1 out of 10
Updating learning rate to 3.874204890000001e-05
Epoch: 13 cost time: 1.1948719024658203
Epoch: 13, Steps: 33 | Train Loss: 0.1334513 Vali Loss: 1.2045738 Test Loss: 2.8142767
Validation loss decreased (1.209628 --> 1.204574).  Saving model ...
Updating learning rate to 3.486784401000001e-05
Epoch: 14 cost time: 1.1919898986816406
Epoch: 14, Steps: 33 | Train Loss: 0.1331805 Vali Loss: 1.2151964 Test Loss: 2.8096404
EarlyStopping counter: 1 out of 10
Updating learning rate to 3.138105960900001e-05
Epoch: 15 cost time: 1.1910419464111328
Epoch: 15, Steps: 33 | Train Loss: 0.1321123 Vali Loss: 1.1513015 Test Loss: 2.8077281
Validation loss decreased (1.204574 --> 1.151302).  Saving model ...
Updating learning rate to 2.824295364810001e-05
Epoch: 16 cost time: 1.1921579837799072
Epoch: 16, Steps: 33 | Train Loss: 0.1319750 Vali Loss: 1.1888578 Test Loss: 2.8014569
EarlyStopping counter: 1 out of 10
Updating learning rate to 2.541865828329001e-05
Epoch: 17 cost time: 1.192681074142456
Epoch: 17, Steps: 33 | Train Loss: 0.1314497 Vali Loss: 1.1989782 Test Loss: 2.8078990
EarlyStopping counter: 2 out of 10
Updating learning rate to 2.287679245496101e-05
Epoch: 18 cost time: 1.1908137798309326
Epoch: 18, Steps: 33 | Train Loss: 0.1308897 Vali Loss: 1.1859992 Test Loss: 2.8063290
EarlyStopping counter: 3 out of 10
Updating learning rate to 2.0589113209464907e-05
Epoch: 19 cost time: 1.2531249523162842
Epoch: 19, Steps: 33 | Train Loss: 0.1303582 Vali Loss: 1.1979140 Test Loss: 2.8066444
EarlyStopping counter: 4 out of 10
Updating learning rate to 1.8530201888518416e-05
Epoch: 20 cost time: 1.238044023513794
Epoch: 20, Steps: 33 | Train Loss: 0.1307624 Vali Loss: 1.1806413 Test Loss: 2.8095388
EarlyStopping counter: 5 out of 10
Updating learning rate to 1.6677181699666577e-05
Epoch: 21 cost time: 1.222243070602417
Epoch: 21, Steps: 33 | Train Loss: 0.1306088 Vali Loss: 1.1713756 Test Loss: 2.8065028
EarlyStopping counter: 6 out of 10
Updating learning rate to 1.5009463529699919e-05
Epoch: 22 cost time: 1.2776157855987549
Epoch: 22, Steps: 33 | Train Loss: 0.1301517 Vali Loss: 1.1582457 Test Loss: 2.8047175
EarlyStopping counter: 7 out of 10
Updating learning rate to 1.3508517176729929e-05
Epoch: 23 cost time: 1.3030400276184082
Epoch: 23, Steps: 33 | Train Loss: 0.1297459 Vali Loss: 1.1967546 Test Loss: 2.8035598
EarlyStopping counter: 8 out of 10
Updating learning rate to 1.2157665459056936e-05
Epoch: 24 cost time: 1.2178397178649902
Epoch: 24, Steps: 33 | Train Loss: 0.1299991 Vali Loss: 1.1586179 Test Loss: 2.8077476
EarlyStopping counter: 9 out of 10
Updating learning rate to 1.0941898913151242e-05
Epoch: 25 cost time: 1.2801547050476074
Epoch: 25, Steps: 33 | Train Loss: 0.1300502 Vali Loss: 1.1932698 Test Loss: 2.8092618
EarlyStopping counter: 10 out of 10
Early stopping
>>>>>>>testing : AAPL_336_96_PatchTST_custom_ftM_sl336_ll48_pl96_dm16_nh4_el3_dl1_df128_fc1_ebtimeF_dtTrue_Standard_0<<<<<<<<<<<<<<<<<<<<<<<<<<<<<<<<<
test 1239
mse:2.8077282905578613, mae:1.1681735515594482, rse:0.24246442317962646
