Args in experiment:
Namespace(random_seed=2020, is_training=1, model_id='NIFTY50_336_96', model='PatchTST', data='custom', root_path='./dataset/', data_path='nifty50.csv', features='M', target='Close', freq='d', checkpoints='./checkpoints/', seq_len=336, label_len=48, pred_len=96, fc_dropout=0.3, head_dropout=0.0, patch_len=16, stride=8, padding_patch='end', revin=1, affine=0, subtract_last=0, decomposition=0, kernel_size=25, individual=0, embed_type=0, enc_in=5, dec_in=5, c_out=5, d_model=16, n_heads=4, e_layers=3, d_layers=1, d_ff=128, moving_avg=25, factor=1, distil=True, dropout=0.3, embed='timeF', activation='gelu', version='QIA', output_attention=False, do_predict=False, num_workers=1, itr=1, train_epochs=50, batch_size=128, patience=10, learning_rate=0.0001, des='QIA', loss='mse', lradj='type3', pct_start=0.3, use_amp=False, use_gpu=True, gpu=0, use_multi_gpu=False, devices='0,1,2,3', test_flop=False)
Use GPU: mps
============================================================
CONFIRMATION: Instantiated attention class for PatchTST:
  Type: <class 'layers.PatchTST_backbone._QuantumInspiredAttention'>
  Expected Version parameter: QIA
============================================================
>>>>>>>start training : NIFTY50_336_96_PatchTST_custom_ftM_sl336_ll48_pl96_dm16_nh4_el3_dl1_df128_fc1_ebtimeF_dtTrue_QIA_0>>>>>>>>>>>>>>>>>>>>>>>>>>
train 2802
val 368
test 828
Epoch: 1 cost time: 2.592298984527588
Epoch: 1, Steps: 21 | Train Loss: 0.2244335 Vali Loss: 1.6887896 Test Loss: 0.8973481
Validation loss decreased (inf --> 1.688790).  Saving model ...
Updating learning rate to 0.0001
Epoch: 2 cost time: 1.2799720764160156
Epoch: 2, Steps: 21 | Train Loss: 0.1964963 Vali Loss: 1.0294285 Test Loss: 0.5991200
Validation loss decreased (1.688790 --> 1.029428).  Saving model ...
Updating learning rate to 0.0001
Epoch: 3 cost time: 1.2805900573730469
Epoch: 3, Steps: 21 | Train Loss: 0.1545953 Vali Loss: 0.5284348 Test Loss: 0.3821920
Validation loss decreased (1.029428 --> 0.528435).  Saving model ...
Updating learning rate to 0.0001
Epoch: 4 cost time: 1.27793288230896
Epoch: 4, Steps: 21 | Train Loss: 0.1329080 Vali Loss: 0.4042486 Test Loss: 0.3151188
Validation loss decreased (0.528435 --> 0.404249).  Saving model ...
Updating learning rate to 9e-05
Epoch: 5 cost time: 1.2834088802337646
Epoch: 5, Steps: 21 | Train Loss: 0.1214221 Vali Loss: 0.3624179 Test Loss: 0.3066344
Validation loss decreased (0.404249 --> 0.362418).  Saving model ...
Updating learning rate to 8.1e-05
Epoch: 6 cost time: 1.3062739372253418
Epoch: 6, Steps: 21 | Train Loss: 0.1155632 Vali Loss: 0.3387378 Test Loss: 0.3094945
Validation loss decreased (0.362418 --> 0.338738).  Saving model ...
Updating learning rate to 7.290000000000001e-05
Epoch: 7 cost time: 1.2788569927215576
Epoch: 7, Steps: 21 | Train Loss: 0.1094566 Vali Loss: 0.3341842 Test Loss: 0.3075922
Validation loss decreased (0.338738 --> 0.334184).  Saving model ...
Updating learning rate to 6.561e-05
Epoch: 8 cost time: 1.2793519496917725
Epoch: 8, Steps: 21 | Train Loss: 0.1055403 Vali Loss: 0.3253534 Test Loss: 0.3036973
Validation loss decreased (0.334184 --> 0.325353).  Saving model ...
Updating learning rate to 5.904900000000001e-05
Epoch: 9 cost time: 1.281905174255371
Epoch: 9, Steps: 21 | Train Loss: 0.1047394 Vali Loss: 0.3215370 Test Loss: 0.3024406
Validation loss decreased (0.325353 --> 0.321537).  Saving model ...
Updating learning rate to 5.3144100000000005e-05
Epoch: 10 cost time: 1.2773940563201904
Epoch: 10, Steps: 21 | Train Loss: 0.1010656 Vali Loss: 0.3248035 Test Loss: 0.3006997
EarlyStopping counter: 1 out of 10
Updating learning rate to 4.782969000000001e-05
Epoch: 11 cost time: 1.2789387702941895
Epoch: 11, Steps: 21 | Train Loss: 0.0996110 Vali Loss: 0.3245097 Test Loss: 0.3002431
EarlyStopping counter: 2 out of 10
Updating learning rate to 4.304672100000001e-05
Epoch: 12 cost time: 1.2824289798736572
Epoch: 12, Steps: 21 | Train Loss: 0.0975281 Vali Loss: 0.3224668 Test Loss: 0.2996826
EarlyStopping counter: 3 out of 10
Updating learning rate to 3.874204890000001e-05
Epoch: 13 cost time: 1.280454158782959
Epoch: 13, Steps: 21 | Train Loss: 0.0987222 Vali Loss: 0.3301026 Test Loss: 0.2999042
EarlyStopping counter: 4 out of 10
Updating learning rate to 3.486784401000001e-05
Epoch: 14 cost time: 1.2765109539031982
Epoch: 14, Steps: 21 | Train Loss: 0.0979335 Vali Loss: 0.3366808 Test Loss: 0.3000053
EarlyStopping counter: 5 out of 10
Updating learning rate to 3.138105960900001e-05
Epoch: 15 cost time: 1.3062047958374023
Epoch: 15, Steps: 21 | Train Loss: 0.0958921 Vali Loss: 0.3420259 Test Loss: 0.2999391
EarlyStopping counter: 6 out of 10
Updating learning rate to 2.824295364810001e-05
Epoch: 16 cost time: 1.278052806854248
Epoch: 16, Steps: 21 | Train Loss: 0.0952369 Vali Loss: 0.3468399 Test Loss: 0.3002298
EarlyStopping counter: 7 out of 10
Updating learning rate to 2.541865828329001e-05
Epoch: 17 cost time: 1.2796099185943604
Epoch: 17, Steps: 21 | Train Loss: 0.0943058 Vali Loss: 0.3373431 Test Loss: 0.3006050
EarlyStopping counter: 8 out of 10
Updating learning rate to 2.287679245496101e-05
Epoch: 18 cost time: 1.282195806503296
Epoch: 18, Steps: 21 | Train Loss: 0.0948505 Vali Loss: 0.3395841 Test Loss: 0.3011141
EarlyStopping counter: 9 out of 10
Updating learning rate to 2.0589113209464907e-05
Epoch: 19 cost time: 1.28619384765625
Epoch: 19, Steps: 21 | Train Loss: 0.0937069 Vali Loss: 0.3481568 Test Loss: 0.3013547
EarlyStopping counter: 10 out of 10
Early stopping
>>>>>>>testing : NIFTY50_336_96_PatchTST_custom_ftM_sl336_ll48_pl96_dm16_nh4_el3_dl1_df128_fc1_ebtimeF_dtTrue_QIA_0<<<<<<<<<<<<<<<<<<<<<<<<<<<<<<<<<
test 828
mse:0.3024405837059021, mae:0.4494476318359375, rse:0.2366516888141632
