Args in experiment:
Namespace(random_seed=2021, is_training=1, model_id='NIFTY50_336_96', model='PatchTST', data='custom', root_path='./dataset/', data_path='nifty50.csv', features='M', target='Close', freq='d', checkpoints='./checkpoints/', seq_len=336, label_len=48, pred_len=96, fc_dropout=0.3, head_dropout=0.0, patch_len=16, stride=8, padding_patch='end', revin=1, affine=0, subtract_last=0, decomposition=0, kernel_size=25, individual=0, embed_type=0, enc_in=5, dec_in=5, c_out=5, d_model=16, n_heads=4, e_layers=3, d_layers=1, d_ff=128, moving_avg=25, factor=1, distil=True, dropout=0.3, embed='timeF', activation='gelu', version='Standard', output_attention=False, do_predict=False, num_workers=1, itr=1, train_epochs=50, batch_size=128, patience=10, learning_rate=0.0001, des='Standard', loss='mse', lradj='type3', pct_start=0.3, use_amp=False, use_gpu=True, gpu=0, use_multi_gpu=False, devices='0,1,2,3', test_flop=False)
Use GPU: mps
============================================================
CONFIRMATION: Instantiated attention class for PatchTST:
  Type: <class 'layers.PatchTST_backbone._ScaledDotProductAttention'>
  Expected Version parameter: Standard
============================================================
>>>>>>>start training : NIFTY50_336_96_PatchTST_custom_ftM_sl336_ll48_pl96_dm16_nh4_el3_dl1_df128_fc1_ebtimeF_dtTrue_Standard_0>>>>>>>>>>>>>>>>>>>>>>>>>>
train 2802
val 368
test 828
Epoch: 1 cost time: 2.050652027130127
Epoch: 1, Steps: 21 | Train Loss: 0.2196042 Vali Loss: 1.6187487 Test Loss: 0.8745571
Validation loss decreased (inf --> 1.618749).  Saving model ...
Updating learning rate to 0.0001
Epoch: 2 cost time: 0.7671239376068115
Epoch: 2, Steps: 21 | Train Loss: 0.1904978 Vali Loss: 0.9530623 Test Loss: 0.5600005
Validation loss decreased (1.618749 --> 0.953062).  Saving model ...
Updating learning rate to 0.0001
Epoch: 3 cost time: 0.7539899349212646
Epoch: 3, Steps: 21 | Train Loss: 0.1468909 Vali Loss: 0.5376109 Test Loss: 0.3657789
Validation loss decreased (0.953062 --> 0.537611).  Saving model ...
Updating learning rate to 0.0001
Epoch: 4 cost time: 0.7532286643981934
Epoch: 4, Steps: 21 | Train Loss: 0.1299784 Vali Loss: 0.3954047 Test Loss: 0.3146711
Validation loss decreased (0.537611 --> 0.395405).  Saving model ...
Updating learning rate to 9e-05
Epoch: 5 cost time: 0.753087043762207
Epoch: 5, Steps: 21 | Train Loss: 0.1221161 Vali Loss: 0.3610144 Test Loss: 0.3135337
Validation loss decreased (0.395405 --> 0.361014).  Saving model ...
Updating learning rate to 8.1e-05
Epoch: 6 cost time: 0.755138635635376
Epoch: 6, Steps: 21 | Train Loss: 0.1149993 Vali Loss: 0.3641285 Test Loss: 0.3171540
EarlyStopping counter: 1 out of 10
Updating learning rate to 7.290000000000001e-05
Epoch: 7 cost time: 0.768563985824585
Epoch: 7, Steps: 21 | Train Loss: 0.1101450 Vali Loss: 0.3427745 Test Loss: 0.3142211
Validation loss decreased (0.361014 --> 0.342775).  Saving model ...
Updating learning rate to 6.561e-05
Epoch: 8 cost time: 0.7548561096191406
Epoch: 8, Steps: 21 | Train Loss: 0.1072272 Vali Loss: 0.3393771 Test Loss: 0.3108741
Validation loss decreased (0.342775 --> 0.339377).  Saving model ...
Updating learning rate to 5.904900000000001e-05
Epoch: 9 cost time: 0.7535402774810791
Epoch: 9, Steps: 21 | Train Loss: 0.1054682 Vali Loss: 0.3233500 Test Loss: 0.3089422
Validation loss decreased (0.339377 --> 0.323350).  Saving model ...
Updating learning rate to 5.3144100000000005e-05
Epoch: 10 cost time: 0.7537529468536377
Epoch: 10, Steps: 21 | Train Loss: 0.1021868 Vali Loss: 0.3366721 Test Loss: 0.3078028
EarlyStopping counter: 1 out of 10
Updating learning rate to 4.782969000000001e-05
Epoch: 11 cost time: 0.752526044845581
Epoch: 11, Steps: 21 | Train Loss: 0.1009716 Vali Loss: 0.3262354 Test Loss: 0.3077556
EarlyStopping counter: 2 out of 10
Updating learning rate to 4.304672100000001e-05
Epoch: 12 cost time: 0.7531888484954834
Epoch: 12, Steps: 21 | Train Loss: 0.0990632 Vali Loss: 0.3316498 Test Loss: 0.3079154
EarlyStopping counter: 3 out of 10
Updating learning rate to 3.874204890000001e-05
Epoch: 13 cost time: 0.7640531063079834
Epoch: 13, Steps: 21 | Train Loss: 0.0979719 Vali Loss: 0.3442684 Test Loss: 0.3064288
EarlyStopping counter: 4 out of 10
Updating learning rate to 3.486784401000001e-05
Epoch: 14 cost time: 0.7545058727264404
Epoch: 14, Steps: 21 | Train Loss: 0.0988596 Vali Loss: 0.3445468 Test Loss: 0.3067800
EarlyStopping counter: 5 out of 10
Updating learning rate to 3.138105960900001e-05
Epoch: 15 cost time: 0.7547769546508789
Epoch: 15, Steps: 21 | Train Loss: 0.0976447 Vali Loss: 0.3433806 Test Loss: 0.3063117
EarlyStopping counter: 6 out of 10
Updating learning rate to 2.824295364810001e-05
Epoch: 16 cost time: 0.754425048828125
Epoch: 16, Steps: 21 | Train Loss: 0.0959366 Vali Loss: 0.3406555 Test Loss: 0.3067291
EarlyStopping counter: 7 out of 10
Updating learning rate to 2.541865828329001e-05
Epoch: 17 cost time: 0.7543580532073975
Epoch: 17, Steps: 21 | Train Loss: 0.0952790 Vali Loss: 0.3331374 Test Loss: 0.3059926
EarlyStopping counter: 8 out of 10
Updating learning rate to 2.287679245496101e-05
Epoch: 18 cost time: 0.7580881118774414
Epoch: 18, Steps: 21 | Train Loss: 0.0966010 Vali Loss: 0.3457563 Test Loss: 0.3062530
EarlyStopping counter: 9 out of 10
Updating learning rate to 2.0589113209464907e-05
Epoch: 19 cost time: 0.7862389087677002
Epoch: 19, Steps: 21 | Train Loss: 0.0953567 Vali Loss: 0.3488576 Test Loss: 0.3061994
EarlyStopping counter: 10 out of 10
Early stopping
>>>>>>>testing : NIFTY50_336_96_PatchTST_custom_ftM_sl336_ll48_pl96_dm16_nh4_el3_dl1_df128_fc1_ebtimeF_dtTrue_Standard_0<<<<<<<<<<<<<<<<<<<<<<<<<<<<<<<<<
test 828
mse:0.30894216895103455, mae:0.45584237575531006, rse:0.23918183147907257
