Args in experiment:
Namespace(random_seed=2022, is_training=1, model_id='NIFTY50_336_96', model='PatchTST', data='custom', root_path='./dataset/', data_path='nifty50.csv', features='M', target='Close', freq='d', checkpoints='./checkpoints/', seq_len=336, label_len=48, pred_len=96, fc_dropout=0.3, head_dropout=0.0, patch_len=16, stride=8, padding_patch='end', revin=1, affine=0, subtract_last=0, decomposition=0, kernel_size=25, individual=0, embed_type=0, enc_in=5, dec_in=5, c_out=5, d_model=16, n_heads=4, e_layers=3, d_layers=1, d_ff=128, moving_avg=25, factor=1, distil=True, dropout=0.3, embed='timeF', activation='gelu', version='Standard', output_attention=False, do_predict=False, num_workers=1, itr=1, train_epochs=50, batch_size=128, patience=10, learning_rate=0.0001, des='Standard', loss='mse', lradj='type3', pct_start=0.3, use_amp=False, use_gpu=True, gpu=0, use_multi_gpu=False, devices='0,1,2,3', test_flop=False)
Use GPU: mps
============================================================
CONFIRMATION: Instantiated attention class for PatchTST:
  Type: <class 'layers.PatchTST_backbone._ScaledDotProductAttention'>
  Expected Version parameter: Standard
============================================================
>>>>>>>start training : NIFTY50_336_96_PatchTST_custom_ftM_sl336_ll48_pl96_dm16_nh4_el3_dl1_df128_fc1_ebtimeF_dtTrue_Standard_0>>>>>>>>>>>>>>>>>>>>>>>>>>
train 2802
val 368
test 828
Epoch: 1 cost time: 2.090965986251831
Epoch: 1, Steps: 21 | Train Loss: 0.2182485 Vali Loss: 1.6607809 Test Loss: 0.8756974
Validation loss decreased (inf --> 1.660781).  Saving model ...
Updating learning rate to 0.0001
Epoch: 2 cost time: 0.7560868263244629
Epoch: 2, Steps: 21 | Train Loss: 0.1860348 Vali Loss: 0.8171817 Test Loss: 0.5237243
Validation loss decreased (1.660781 --> 0.817182).  Saving model ...
Updating learning rate to 0.0001
Epoch: 3 cost time: 0.7530272006988525
Epoch: 3, Steps: 21 | Train Loss: 0.1430611 Vali Loss: 0.4641531 Test Loss: 0.3487141
Validation loss decreased (0.817182 --> 0.464153).  Saving model ...
Updating learning rate to 0.0001
Epoch: 4 cost time: 0.7530808448791504
Epoch: 4, Steps: 21 | Train Loss: 0.1280636 Vali Loss: 0.3693836 Test Loss: 0.3140813
Validation loss decreased (0.464153 --> 0.369384).  Saving model ...
Updating learning rate to 9e-05
Epoch: 5 cost time: 0.7527999877929688
Epoch: 5, Steps: 21 | Train Loss: 0.1205868 Vali Loss: 0.3516818 Test Loss: 0.3175797
Validation loss decreased (0.369384 --> 0.351682).  Saving model ...
Updating learning rate to 8.1e-05
Epoch: 6 cost time: 0.7522733211517334
Epoch: 6, Steps: 21 | Train Loss: 0.1133851 Vali Loss: 0.3467316 Test Loss: 0.3195694
Validation loss decreased (0.351682 --> 0.346732).  Saving model ...
Updating learning rate to 7.290000000000001e-05
Epoch: 7 cost time: 0.7807052135467529
Epoch: 7, Steps: 21 | Train Loss: 0.1089271 Vali Loss: 0.3373393 Test Loss: 0.3148577
Validation loss decreased (0.346732 --> 0.337339).  Saving model ...
Updating learning rate to 6.561e-05
Epoch: 8 cost time: 0.7534871101379395
Epoch: 8, Steps: 21 | Train Loss: 0.1059810 Vali Loss: 0.3307649 Test Loss: 0.3103730
Validation loss decreased (0.337339 --> 0.330765).  Saving model ...
Updating learning rate to 5.904900000000001e-05
Epoch: 9 cost time: 0.753929853439331
Epoch: 9, Steps: 21 | Train Loss: 0.1026074 Vali Loss: 0.3132975 Test Loss: 0.3068999
Validation loss decreased (0.330765 --> 0.313298).  Saving model ...
Updating learning rate to 5.3144100000000005e-05
Epoch: 10 cost time: 0.7533209323883057
Epoch: 10, Steps: 21 | Train Loss: 0.1015996 Vali Loss: 0.3271490 Test Loss: 0.3063938
EarlyStopping counter: 1 out of 10
Updating learning rate to 4.782969000000001e-05
Epoch: 11 cost time: 0.7597551345825195
Epoch: 11, Steps: 21 | Train Loss: 0.0996117 Vali Loss: 0.3359305 Test Loss: 0.3068370
EarlyStopping counter: 2 out of 10
Updating learning rate to 4.304672100000001e-05
Epoch: 12 cost time: 0.7545549869537354
Epoch: 12, Steps: 21 | Train Loss: 0.0991826 Vali Loss: 0.3452770 Test Loss: 0.3065798
EarlyStopping counter: 3 out of 10
Updating learning rate to 3.874204890000001e-05
Epoch: 13 cost time: 0.7526109218597412
Epoch: 13, Steps: 21 | Train Loss: 0.0974577 Vali Loss: 0.3337153 Test Loss: 0.3062566
EarlyStopping counter: 4 out of 10
Updating learning rate to 3.486784401000001e-05
Epoch: 14 cost time: 0.7531969547271729
Epoch: 14, Steps: 21 | Train Loss: 0.0983276 Vali Loss: 0.3407925 Test Loss: 0.3055914
EarlyStopping counter: 5 out of 10
Updating learning rate to 3.138105960900001e-05
Epoch: 15 cost time: 0.7522640228271484
Epoch: 15, Steps: 21 | Train Loss: 0.0969761 Vali Loss: 0.3489675 Test Loss: 0.3065386
EarlyStopping counter: 6 out of 10
Updating learning rate to 2.824295364810001e-05
Epoch: 16 cost time: 0.7639398574829102
Epoch: 16, Steps: 21 | Train Loss: 0.0962157 Vali Loss: 0.3490258 Test Loss: 0.3066715
EarlyStopping counter: 7 out of 10
Updating learning rate to 2.541865828329001e-05
Epoch: 17 cost time: 0.7537679672241211
Epoch: 17, Steps: 21 | Train Loss: 0.0965825 Vali Loss: 0.3466148 Test Loss: 0.3064139
EarlyStopping counter: 8 out of 10
Updating learning rate to 2.287679245496101e-05
Epoch: 18 cost time: 0.7525455951690674
Epoch: 18, Steps: 21 | Train Loss: 0.0952093 Vali Loss: 0.3593823 Test Loss: 0.3063557
EarlyStopping counter: 9 out of 10
Updating learning rate to 2.0589113209464907e-05
Epoch: 19 cost time: 0.751964807510376
Epoch: 19, Steps: 21 | Train Loss: 0.0967271 Vali Loss: 0.3564118 Test Loss: 0.3067030
EarlyStopping counter: 10 out of 10
Early stopping
>>>>>>>testing : NIFTY50_336_96_PatchTST_custom_ftM_sl336_ll48_pl96_dm16_nh4_el3_dl1_df128_fc1_ebtimeF_dtTrue_Standard_0<<<<<<<<<<<<<<<<<<<<<<<<<<<<<<<<<
test 828
mse:0.30689993500709534, mae:0.45297971367836, rse:0.2383899688720703
