Args in experiment:
Namespace(random_seed=2021, is_training=1, model_id='SP500_336_96', model='PatchTST', data='custom', root_path='./dataset/', data_path='sp500.csv', features='M', target='Close', freq='d', checkpoints='./checkpoints/', seq_len=336, label_len=48, pred_len=96, fc_dropout=0.3, head_dropout=0.0, patch_len=16, stride=8, padding_patch='end', revin=1, affine=0, subtract_last=0, decomposition=0, kernel_size=25, individual=0, embed_type=0, enc_in=5, dec_in=5, c_out=5, d_model=16, n_heads=4, e_layers=3, d_layers=1, d_ff=128, moving_avg=25, factor=1, distil=True, dropout=0.3, embed='timeF', activation='gelu', version='Standard', output_attention=False, do_predict=False, num_workers=1, itr=1, train_epochs=50, batch_size=128, patience=10, learning_rate=0.0001, des='Standard', loss='mse', lradj='type3', pct_start=0.3, use_amp=False, use_gpu=True, gpu=0, use_multi_gpu=False, devices='0,1,2,3', test_flop=False)
Use GPU: mps
============================================================
CONFIRMATION: Instantiated attention class for PatchTST:
  Type: <class 'layers.PatchTST_backbone._ScaledDotProductAttention'>
  Expected Version parameter: Standard
============================================================
>>>>>>>start training : SP500_336_96_PatchTST_custom_ftM_sl336_ll48_pl96_dm16_nh4_el3_dl1_df128_fc1_ebtimeF_dtTrue_Standard_0>>>>>>>>>>>>>>>>>>>>>>>>>>
train 4240
val 574
test 1239
Epoch: 1 cost time: 2.6211910247802734
Epoch: 1, Steps: 33 | Train Loss: 0.2450081 Vali Loss: 0.5273185 Test Loss: 1.9337419
Validation loss decreased (inf --> 0.527319).  Saving model ...
Updating learning rate to 0.0001
Epoch: 2 cost time: 1.2681457996368408
Epoch: 2, Steps: 33 | Train Loss: 0.1928816 Vali Loss: 0.4775656 Test Loss: 0.8708555
Validation loss decreased (0.527319 --> 0.477566).  Saving model ...
Updating learning rate to 0.0001
Epoch: 3 cost time: 1.2758939266204834
Epoch: 3, Steps: 33 | Train Loss: 0.1331385 Vali Loss: 0.4953394 Test Loss: 0.6678526
EarlyStopping counter: 1 out of 10
Updating learning rate to 0.0001
Epoch: 4 cost time: 1.2548201084136963
Epoch: 4, Steps: 33 | Train Loss: 0.1178465 Vali Loss: 0.4741367 Test Loss: 0.5799411
Validation loss decreased (0.477566 --> 0.474137).  Saving model ...
Updating learning rate to 9e-05
Epoch: 5 cost time: 1.2751753330230713
Epoch: 5, Steps: 33 | Train Loss: 0.1081787 Vali Loss: 0.4508749 Test Loss: 0.5394108
Validation loss decreased (0.474137 --> 0.450875).  Saving model ...
Updating learning rate to 8.1e-05
Epoch: 6 cost time: 1.2915070056915283
Epoch: 6, Steps: 33 | Train Loss: 0.1025804 Vali Loss: 0.4508030 Test Loss: 0.5183073
Validation loss decreased (0.450875 --> 0.450803).  Saving model ...
Updating learning rate to 7.290000000000001e-05
Epoch: 7 cost time: 1.3277382850646973
Epoch: 7, Steps: 33 | Train Loss: 0.0989686 Vali Loss: 0.4441733 Test Loss: 0.5046410
Validation loss decreased (0.450803 --> 0.444173).  Saving model ...
Updating learning rate to 6.561e-05
Epoch: 8 cost time: 1.3243088722229004
Epoch: 8, Steps: 33 | Train Loss: 0.0967463 Vali Loss: 0.4407903 Test Loss: 0.4964754
Validation loss decreased (0.444173 --> 0.440790).  Saving model ...
Updating learning rate to 5.904900000000001e-05
Epoch: 9 cost time: 1.325969934463501
Epoch: 9, Steps: 33 | Train Loss: 0.0951090 Vali Loss: 0.4369691 Test Loss: 0.4908476
Validation loss decreased (0.440790 --> 0.436969).  Saving model ...
Updating learning rate to 5.3144100000000005e-05
Epoch: 10 cost time: 1.3262956142425537
Epoch: 10, Steps: 33 | Train Loss: 0.0935328 Vali Loss: 0.4308904 Test Loss: 0.4872703
Validation loss decreased (0.436969 --> 0.430890).  Saving model ...
Updating learning rate to 4.782969000000001e-05
Epoch: 11 cost time: 1.3136870861053467
Epoch: 11, Steps: 33 | Train Loss: 0.0927117 Vali Loss: 0.4254598 Test Loss: 0.4838432
Validation loss decreased (0.430890 --> 0.425460).  Saving model ...
Updating learning rate to 4.304672100000001e-05
Epoch: 12 cost time: 1.279731035232544
Epoch: 12, Steps: 33 | Train Loss: 0.0919143 Vali Loss: 0.4186779 Test Loss: 0.4803575
Validation loss decreased (0.425460 --> 0.418678).  Saving model ...
Updating learning rate to 3.874204890000001e-05
Epoch: 13 cost time: 1.2754340171813965
Epoch: 13, Steps: 33 | Train Loss: 0.0912840 Vali Loss: 0.4150394 Test Loss: 0.4789013
Validation loss decreased (0.418678 --> 0.415039).  Saving model ...
Updating learning rate to 3.486784401000001e-05
Epoch: 14 cost time: 1.249804973602295
Epoch: 14, Steps: 33 | Train Loss: 0.0908745 Vali Loss: 0.4227767 Test Loss: 0.4762702
EarlyStopping counter: 1 out of 10
Updating learning rate to 3.138105960900001e-05
Epoch: 15 cost time: 1.2341830730438232
Epoch: 15, Steps: 33 | Train Loss: 0.0904420 Vali Loss: 0.4070210 Test Loss: 0.4748878
Validation loss decreased (0.415039 --> 0.407021).  Saving model ...
Updating learning rate to 2.824295364810001e-05
Epoch: 16 cost time: 1.2294669151306152
Epoch: 16, Steps: 33 | Train Loss: 0.0903032 Vali Loss: 0.4155915 Test Loss: 0.4739934
EarlyStopping counter: 1 out of 10
Updating learning rate to 2.541865828329001e-05
Epoch: 17 cost time: 1.223499059677124
Epoch: 17, Steps: 33 | Train Loss: 0.0898265 Vali Loss: 0.4119715 Test Loss: 0.4733460
EarlyStopping counter: 2 out of 10
Updating learning rate to 2.287679245496101e-05
Epoch: 18 cost time: 1.2935757637023926
Epoch: 18, Steps: 33 | Train Loss: 0.0894315 Vali Loss: 0.4181319 Test Loss: 0.4717193
EarlyStopping counter: 3 out of 10
Updating learning rate to 2.0589113209464907e-05
Epoch: 19 cost time: 1.3067519664764404
Epoch: 19, Steps: 33 | Train Loss: 0.0890682 Vali Loss: 0.4092425 Test Loss: 0.4709806
EarlyStopping counter: 4 out of 10
Updating learning rate to 1.8530201888518416e-05
Epoch: 20 cost time: 1.3118581771850586
Epoch: 20, Steps: 33 | Train Loss: 0.0892692 Vali Loss: 0.4132428 Test Loss: 0.4701392
EarlyStopping counter: 5 out of 10
Updating learning rate to 1.6677181699666577e-05
Epoch: 21 cost time: 1.320281982421875
Epoch: 21, Steps: 33 | Train Loss: 0.0890114 Vali Loss: 0.4107707 Test Loss: 0.4695283
EarlyStopping counter: 6 out of 10
Updating learning rate to 1.5009463529699919e-05
Epoch: 22 cost time: 1.324774980545044
Epoch: 22, Steps: 33 | Train Loss: 0.0890620 Vali Loss: 0.4196507 Test Loss: 0.4694847
EarlyStopping counter: 7 out of 10
Updating learning rate to 1.3508517176729929e-05
Epoch: 23 cost time: 1.3566761016845703
Epoch: 23, Steps: 33 | Train Loss: 0.0890433 Vali Loss: 0.4079781 Test Loss: 0.4684875
EarlyStopping counter: 8 out of 10
Updating learning rate to 1.2157665459056936e-05
Epoch: 24 cost time: 1.3657488822937012
Epoch: 24, Steps: 33 | Train Loss: 0.0886068 Vali Loss: 0.4034134 Test Loss: 0.4678690
Validation loss decreased (0.407021 --> 0.403413).  Saving model ...
Updating learning rate to 1.0941898913151242e-05
Epoch: 25 cost time: 1.3407349586486816
Epoch: 25, Steps: 33 | Train Loss: 0.0888851 Vali Loss: 0.4099067 Test Loss: 0.4672349
EarlyStopping counter: 1 out of 10
Updating learning rate to 9.847709021836118e-06
Epoch: 26 cost time: 1.324002981185913
Epoch: 26, Steps: 33 | Train Loss: 0.0884257 Vali Loss: 0.4049424 Test Loss: 0.4672031
EarlyStopping counter: 2 out of 10
Updating learning rate to 8.862938119652508e-06
Epoch: 27 cost time: 1.334995985031128
Epoch: 27, Steps: 33 | Train Loss: 0.0884018 Vali Loss: 0.4031066 Test Loss: 0.4666519
Validation loss decreased (0.403413 --> 0.403107).  Saving model ...
Updating learning rate to 7.976644307687255e-06
Epoch: 28 cost time: 1.3769888877868652
Epoch: 28, Steps: 33 | Train Loss: 0.0880916 Vali Loss: 0.4064940 Test Loss: 0.4662568
EarlyStopping counter: 1 out of 10
Updating learning rate to 7.178979876918531e-06
Epoch: 29 cost time: 1.5101277828216553
Epoch: 29, Steps: 33 | Train Loss: 0.0881745 Vali Loss: 0.4110094 Test Loss: 0.4659367
EarlyStopping counter: 2 out of 10
Updating learning rate to 6.4610818892266776e-06
Epoch: 30 cost time: 1.4512379169464111
Epoch: 30, Steps: 33 | Train Loss: 0.0881493 Vali Loss: 0.4037917 Test Loss: 0.4658454
EarlyStopping counter: 3 out of 10
Updating learning rate to 5.8149737003040096e-06
Epoch: 31 cost time: 1.4687843322753906
Epoch: 31, Steps: 33 | Train Loss: 0.0885455 Vali Loss: 0.4077892 Test Loss: 0.4656509
EarlyStopping counter: 4 out of 10
Updating learning rate to 5.23347633027361e-06
Epoch: 32 cost time: 1.439558982849121
Epoch: 32, Steps: 33 | Train Loss: 0.0886291 Vali Loss: 0.4127578 Test Loss: 0.4650941
EarlyStopping counter: 5 out of 10
Updating learning rate to 4.710128697246249e-06
Epoch: 33 cost time: 1.3203141689300537
Epoch: 33, Steps: 33 | Train Loss: 0.0879254 Vali Loss: 0.4081433 Test Loss: 0.4653083
EarlyStopping counter: 6 out of 10
Updating learning rate to 4.239115827521624e-06
Epoch: 34 cost time: 1.326364278793335
Epoch: 34, Steps: 33 | Train Loss: 0.0880365 Vali Loss: 0.3986778 Test Loss: 0.4654959
Validation loss decreased (0.403107 --> 0.398678).  Saving model ...
Updating learning rate to 3.815204244769462e-06
Epoch: 35 cost time: 1.344207763671875
Epoch: 35, Steps: 33 | Train Loss: 0.0879372 Vali Loss: 0.4065267 Test Loss: 0.4650448
EarlyStopping counter: 1 out of 10
Updating learning rate to 3.4336838202925152e-06
Epoch: 36 cost time: 1.3397021293640137
Epoch: 36, Steps: 33 | Train Loss: 0.0881734 Vali Loss: 0.3968177 Test Loss: 0.4648581
Validation loss decreased (0.398678 --> 0.396818).  Saving model ...
Updating learning rate to 3.090315438263264e-06
Epoch: 37 cost time: 1.3535397052764893
Epoch: 37, Steps: 33 | Train Loss: 0.0883527 Vali Loss: 0.4051992 Test Loss: 0.4651985
EarlyStopping counter: 1 out of 10
Updating learning rate to 2.7812838944369375e-06
Epoch: 38 cost time: 1.3528680801391602
Epoch: 38, Steps: 33 | Train Loss: 0.0881074 Vali Loss: 0.4044605 Test Loss: 0.4647431
EarlyStopping counter: 2 out of 10
Updating learning rate to 2.503155504993244e-06
Epoch: 39 cost time: 1.3589961528778076
Epoch: 39, Steps: 33 | Train Loss: 0.0878841 Vali Loss: 0.4073758 Test Loss: 0.4649367
EarlyStopping counter: 3 out of 10
Updating learning rate to 2.2528399544939195e-06
Epoch: 40 cost time: 1.3561758995056152
Epoch: 40, Steps: 33 | Train Loss: 0.0879354 Vali Loss: 0.4035372 Test Loss: 0.4643888
EarlyStopping counter: 4 out of 10
Updating learning rate to 2.0275559590445276e-06
Epoch: 41 cost time: 1.3676481246948242
Epoch: 41, Steps: 33 | Train Loss: 0.0879401 Vali Loss: 0.4055736 Test Loss: 0.4643740
EarlyStopping counter: 5 out of 10
Updating learning rate to 1.8248003631400751e-06
Epoch: 42 cost time: 1.367422103881836
Epoch: 42, Steps: 33 | Train Loss: 0.0884489 Vali Loss: 0.4068466 Test Loss: 0.4645703
EarlyStopping counter: 6 out of 10
Updating learning rate to 1.6423203268260676e-06
Epoch: 43 cost time: 1.3715639114379883
Epoch: 43, Steps: 33 | Train Loss: 0.0879399 Vali Loss: 0.4054278 Test Loss: 0.4644840
EarlyStopping counter: 7 out of 10
Updating learning rate to 1.4780882941434609e-06
Epoch: 44 cost time: 1.3953421115875244
Epoch: 44, Steps: 33 | Train Loss: 0.0881925 Vali Loss: 0.4030487 Test Loss: 0.4648070
EarlyStopping counter: 8 out of 10
Updating learning rate to 1.3302794647291146e-06
Epoch: 45 cost time: 1.517590045928955
Epoch: 45, Steps: 33 | Train Loss: 0.0880183 Vali Loss: 0.4040607 Test Loss: 0.4639248
EarlyStopping counter: 9 out of 10
Updating learning rate to 1.1972515182562034e-06
Epoch: 46 cost time: 1.6349401473999023
Epoch: 46, Steps: 33 | Train Loss: 0.0875129 Vali Loss: 0.4041512 Test Loss: 0.4645013
EarlyStopping counter: 10 out of 10
Early stopping
>>>>>>>testing : SP500_336_96_PatchTST_custom_ftM_sl336_ll48_pl96_dm16_nh4_el3_dl1_df128_fc1_ebtimeF_dtTrue_Standard_0<<<<<<<<<<<<<<<<<<<<<<<<<<<<<<<<<
test 1239
mse:0.46485811471939087, mae:0.5230225920677185, rse:0.22274348139762878
