Args in experiment:
Namespace(random_seed=2019, is_training=1, model_id='SP500_336_96', model='PatchTST', data='custom', root_path='./dataset/', data_path='sp500.csv', features='M', target='Close', freq='d', checkpoints='./checkpoints/', seq_len=336, label_len=48, pred_len=96, fc_dropout=0.3, head_dropout=0.0, patch_len=16, stride=8, padding_patch='end', revin=1, affine=0, subtract_last=0, decomposition=0, kernel_size=25, individual=0, embed_type=0, enc_in=5, dec_in=5, c_out=5, d_model=16, n_heads=4, e_layers=3, d_layers=1, d_ff=128, moving_avg=25, factor=1, distil=True, dropout=0.3, embed='timeF', activation='gelu', version='Standard', output_attention=False, do_predict=False, num_workers=1, itr=1, train_epochs=50, batch_size=128, patience=10, learning_rate=0.0001, des='Standard', loss='mse', lradj='type3', pct_start=0.3, use_amp=False, use_gpu=True, gpu=0, use_multi_gpu=False, devices='0,1,2,3', test_flop=False)
Use GPU: mps
============================================================
CONFIRMATION: Instantiated attention class for PatchTST:
  Type: <class 'layers.PatchTST_backbone._ScaledDotProductAttention'>
  Expected Version parameter: Standard
============================================================
>>>>>>>start training : SP500_336_96_PatchTST_custom_ftM_sl336_ll48_pl96_dm16_nh4_el3_dl1_df128_fc1_ebtimeF_dtTrue_Standard_0>>>>>>>>>>>>>>>>>>>>>>>>>>
train 4240
val 574
test 1239
Epoch: 1 cost time: 2.647845983505249
Epoch: 1, Steps: 33 | Train Loss: 0.2407990 Vali Loss: 0.5255088 Test Loss: 1.9268739
Validation loss decreased (inf --> 0.525509).  Saving model ...
Updating learning rate to 0.0001
Epoch: 2 cost time: 1.3273067474365234
Epoch: 2, Steps: 33 | Train Loss: 0.1862033 Vali Loss: 0.4719671 Test Loss: 0.8515974
Validation loss decreased (0.525509 --> 0.471967).  Saving model ...
Updating learning rate to 0.0001
Epoch: 3 cost time: 1.3059020042419434
Epoch: 3, Steps: 33 | Train Loss: 0.1296660 Vali Loss: 0.5018649 Test Loss: 0.6721268
EarlyStopping counter: 1 out of 10
Updating learning rate to 0.0001
Epoch: 4 cost time: 1.305406093597412
Epoch: 4, Steps: 33 | Train Loss: 0.1139148 Vali Loss: 0.4599474 Test Loss: 0.5845035
Validation loss decreased (0.471967 --> 0.459947).  Saving model ...
Updating learning rate to 9e-05
Epoch: 5 cost time: 1.190415859222412
Epoch: 5, Steps: 33 | Train Loss: 0.1057077 Vali Loss: 0.4535541 Test Loss: 0.5462781
Validation loss decreased (0.459947 --> 0.453554).  Saving model ...
Updating learning rate to 8.1e-05
Epoch: 6 cost time: 1.3276827335357666
Epoch: 6, Steps: 33 | Train Loss: 0.1008914 Vali Loss: 0.4569618 Test Loss: 0.5253775
EarlyStopping counter: 1 out of 10
Updating learning rate to 7.290000000000001e-05
Epoch: 7 cost time: 1.2686231136322021
Epoch: 7, Steps: 33 | Train Loss: 0.0979432 Vali Loss: 0.4574845 Test Loss: 0.5123358
EarlyStopping counter: 2 out of 10
Updating learning rate to 6.561e-05
Epoch: 8 cost time: 1.271636962890625
Epoch: 8, Steps: 33 | Train Loss: 0.0958647 Vali Loss: 0.4516559 Test Loss: 0.5037058
Validation loss decreased (0.453554 --> 0.451656).  Saving model ...
Updating learning rate to 5.904900000000001e-05
Epoch: 9 cost time: 1.2810108661651611
Epoch: 9, Steps: 33 | Train Loss: 0.0946208 Vali Loss: 0.4379475 Test Loss: 0.4977136
Validation loss decreased (0.451656 --> 0.437948).  Saving model ...
Updating learning rate to 5.3144100000000005e-05
Epoch: 10 cost time: 1.2467713356018066
Epoch: 10, Steps: 33 | Train Loss: 0.0934235 Vali Loss: 0.4312416 Test Loss: 0.4938874
Validation loss decreased (0.437948 --> 0.431242).  Saving model ...
Updating learning rate to 4.782969000000001e-05
Epoch: 11 cost time: 1.1958820819854736
Epoch: 11, Steps: 33 | Train Loss: 0.0925556 Vali Loss: 0.4276516 Test Loss: 0.4914524
Validation loss decreased (0.431242 --> 0.427652).  Saving model ...
Updating learning rate to 4.304672100000001e-05
Epoch: 12 cost time: 1.19315505027771
Epoch: 12, Steps: 33 | Train Loss: 0.0923802 Vali Loss: 0.4344395 Test Loss: 0.4882101
EarlyStopping counter: 1 out of 10
Updating learning rate to 3.874204890000001e-05
Epoch: 13 cost time: 1.2079570293426514
Epoch: 13, Steps: 33 | Train Loss: 0.0915325 Vali Loss: 0.4078203 Test Loss: 0.4856740
Validation loss decreased (0.427652 --> 0.407820).  Saving model ...
Updating learning rate to 3.486784401000001e-05
Epoch: 14 cost time: 1.1936850547790527
Epoch: 14, Steps: 33 | Train Loss: 0.0913422 Vali Loss: 0.4253512 Test Loss: 0.4837910
EarlyStopping counter: 1 out of 10
Updating learning rate to 3.138105960900001e-05
Epoch: 15 cost time: 1.192702054977417
Epoch: 15, Steps: 33 | Train Loss: 0.0910534 Vali Loss: 0.4122750 Test Loss: 0.4821843
EarlyStopping counter: 2 out of 10
Updating learning rate to 2.824295364810001e-05
Epoch: 16 cost time: 1.2001140117645264
Epoch: 16, Steps: 33 | Train Loss: 0.0905550 Vali Loss: 0.4228234 Test Loss: 0.4811684
EarlyStopping counter: 3 out of 10
Updating learning rate to 2.541865828329001e-05
Epoch: 17 cost time: 1.2002458572387695
Epoch: 17, Steps: 33 | Train Loss: 0.0903918 Vali Loss: 0.4231197 Test Loss: 0.4797156
EarlyStopping counter: 4 out of 10
Updating learning rate to 2.287679245496101e-05
Epoch: 18 cost time: 1.1913871765136719
Epoch: 18, Steps: 33 | Train Loss: 0.0896580 Vali Loss: 0.4078755 Test Loss: 0.4781465
EarlyStopping counter: 5 out of 10
Updating learning rate to 2.0589113209464907e-05
Epoch: 19 cost time: 1.2170789241790771
Epoch: 19, Steps: 33 | Train Loss: 0.0896975 Vali Loss: 0.4239988 Test Loss: 0.4771826
EarlyStopping counter: 6 out of 10
Updating learning rate to 1.8530201888518416e-05
Epoch: 20 cost time: 1.2229480743408203
Epoch: 20, Steps: 33 | Train Loss: 0.0901053 Vali Loss: 0.4083495 Test Loss: 0.4761915
EarlyStopping counter: 7 out of 10
Updating learning rate to 1.6677181699666577e-05
Epoch: 21 cost time: 1.194667100906372
Epoch: 21, Steps: 33 | Train Loss: 0.0893069 Vali Loss: 0.4199844 Test Loss: 0.4752310
EarlyStopping counter: 8 out of 10
Updating learning rate to 1.5009463529699919e-05
Epoch: 22 cost time: 1.2007577419281006
Epoch: 22, Steps: 33 | Train Loss: 0.0897108 Vali Loss: 0.4050909 Test Loss: 0.4748079
Validation loss decreased (0.407820 --> 0.405091).  Saving model ...
Updating learning rate to 1.3508517176729929e-05
Epoch: 23 cost time: 1.2825169563293457
Epoch: 23, Steps: 33 | Train Loss: 0.0895316 Vali Loss: 0.4115625 Test Loss: 0.4750487
EarlyStopping counter: 1 out of 10
Updating learning rate to 1.2157665459056936e-05
Epoch: 24 cost time: 1.280480146408081
Epoch: 24, Steps: 33 | Train Loss: 0.0891739 Vali Loss: 0.4141049 Test Loss: 0.4747983
EarlyStopping counter: 2 out of 10
Updating learning rate to 1.0941898913151242e-05
Epoch: 25 cost time: 1.3346781730651855
Epoch: 25, Steps: 33 | Train Loss: 0.0893386 Vali Loss: 0.4122901 Test Loss: 0.4741592
EarlyStopping counter: 3 out of 10
Updating learning rate to 9.847709021836118e-06
Epoch: 26 cost time: 1.298142910003662
Epoch: 26, Steps: 33 | Train Loss: 0.0888748 Vali Loss: 0.4151355 Test Loss: 0.4734286
EarlyStopping counter: 4 out of 10
Updating learning rate to 8.862938119652508e-06
Epoch: 27 cost time: 1.3162999153137207
Epoch: 27, Steps: 33 | Train Loss: 0.0891685 Vali Loss: 0.4101303 Test Loss: 0.4733481
EarlyStopping counter: 5 out of 10
Updating learning rate to 7.976644307687255e-06
Epoch: 28 cost time: 1.311979055404663
Epoch: 28, Steps: 33 | Train Loss: 0.0886118 Vali Loss: 0.4162227 Test Loss: 0.4732647
EarlyStopping counter: 6 out of 10
Updating learning rate to 7.178979876918531e-06
Epoch: 29 cost time: 1.2859652042388916
Epoch: 29, Steps: 33 | Train Loss: 0.0887474 Vali Loss: 0.4098713 Test Loss: 0.4724081
EarlyStopping counter: 7 out of 10
Updating learning rate to 6.4610818892266776e-06
Epoch: 30 cost time: 1.338637113571167
Epoch: 30, Steps: 33 | Train Loss: 0.0887064 Vali Loss: 0.4047521 Test Loss: 0.4721494
Validation loss decreased (0.405091 --> 0.404752).  Saving model ...
Updating learning rate to 5.8149737003040096e-06
Epoch: 31 cost time: 1.2948288917541504
Epoch: 31, Steps: 33 | Train Loss: 0.0889249 Vali Loss: 0.4079154 Test Loss: 0.4717514
EarlyStopping counter: 1 out of 10
Updating learning rate to 5.23347633027361e-06
Epoch: 32 cost time: 1.3240530490875244
Epoch: 32, Steps: 33 | Train Loss: 0.0889869 Vali Loss: 0.4192402 Test Loss: 0.4722035
EarlyStopping counter: 2 out of 10
Updating learning rate to 4.710128697246249e-06
Epoch: 33 cost time: 1.2881600856781006
Epoch: 33, Steps: 33 | Train Loss: 0.0887946 Vali Loss: 0.4047175 Test Loss: 0.4724303
Validation loss decreased (0.404752 --> 0.404718).  Saving model ...
Updating learning rate to 4.239115827521624e-06
Epoch: 34 cost time: 1.3317079544067383
Epoch: 34, Steps: 33 | Train Loss: 0.0889360 Vali Loss: 0.4106699 Test Loss: 0.4716528
EarlyStopping counter: 1 out of 10
Updating learning rate to 3.815204244769462e-06
Epoch: 35 cost time: 1.2687323093414307
Epoch: 35, Steps: 33 | Train Loss: 0.0885021 Vali Loss: 0.4165248 Test Loss: 0.4720668
EarlyStopping counter: 2 out of 10
Updating learning rate to 3.4336838202925152e-06
Epoch: 36 cost time: 1.1931877136230469
Epoch: 36, Steps: 33 | Train Loss: 0.0887520 Vali Loss: 0.4064161 Test Loss: 0.4710086
EarlyStopping counter: 3 out of 10
Updating learning rate to 3.090315438263264e-06
Epoch: 37 cost time: 1.2020690441131592
Epoch: 37, Steps: 33 | Train Loss: 0.0883347 Vali Loss: 0.4151465 Test Loss: 0.4708054
EarlyStopping counter: 4 out of 10
Updating learning rate to 2.7812838944369375e-06
Epoch: 38 cost time: 1.1939878463745117
Epoch: 38, Steps: 33 | Train Loss: 0.0885287 Vali Loss: 0.4135998 Test Loss: 0.4706451
EarlyStopping counter: 5 out of 10
Updating learning rate to 2.503155504993244e-06
Epoch: 39 cost time: 1.2127659320831299
Epoch: 39, Steps: 33 | Train Loss: 0.0884052 Vali Loss: 0.4097493 Test Loss: 0.4711881
EarlyStopping counter: 6 out of 10
Updating learning rate to 2.2528399544939195e-06
Epoch: 40 cost time: 1.194568395614624
Epoch: 40, Steps: 33 | Train Loss: 0.0884361 Vali Loss: 0.4121291 Test Loss: 0.4708295
EarlyStopping counter: 7 out of 10
Updating learning rate to 2.0275559590445276e-06
Epoch: 41 cost time: 1.1943528652191162
Epoch: 41, Steps: 33 | Train Loss: 0.0882304 Vali Loss: 0.4019774 Test Loss: 0.4706416
Validation loss decreased (0.404718 --> 0.401977).  Saving model ...
Updating learning rate to 1.8248003631400751e-06
Epoch: 42 cost time: 1.1951038837432861
Epoch: 42, Steps: 33 | Train Loss: 0.0881085 Vali Loss: 0.4049845 Test Loss: 0.4707216
EarlyStopping counter: 1 out of 10
Updating learning rate to 1.6423203268260676e-06
Epoch: 43 cost time: 1.1997737884521484
Epoch: 43, Steps: 33 | Train Loss: 0.0887388 Vali Loss: 0.4139173 Test Loss: 0.4710132
EarlyStopping counter: 2 out of 10
Updating learning rate to 1.4780882941434609e-06
Epoch: 44 cost time: 1.193824052810669
Epoch: 44, Steps: 33 | Train Loss: 0.0883237 Vali Loss: 0.4097251 Test Loss: 0.4701847
EarlyStopping counter: 3 out of 10
Updating learning rate to 1.3302794647291146e-06
Epoch: 45 cost time: 1.3179519176483154
Epoch: 45, Steps: 33 | Train Loss: 0.0882655 Vali Loss: 0.4104564 Test Loss: 0.4706149
EarlyStopping counter: 4 out of 10
Updating learning rate to 1.1972515182562034e-06
Epoch: 46 cost time: 1.2983460426330566
Epoch: 46, Steps: 33 | Train Loss: 0.0882431 Vali Loss: 0.4071335 Test Loss: 0.4709196
EarlyStopping counter: 5 out of 10
Updating learning rate to 1.077526366430583e-06
Epoch: 47 cost time: 1.300555944442749
Epoch: 47, Steps: 33 | Train Loss: 0.0882372 Vali Loss: 0.4132048 Test Loss: 0.4705848
EarlyStopping counter: 6 out of 10
Updating learning rate to 9.697737297875248e-07
Epoch: 48 cost time: 1.2349631786346436
Epoch: 48, Steps: 33 | Train Loss: 0.0883721 Vali Loss: 0.4077795 Test Loss: 0.4699514
EarlyStopping counter: 7 out of 10
Updating learning rate to 8.727963568087723e-07
Epoch: 49 cost time: 1.1989750862121582
Epoch: 49, Steps: 33 | Train Loss: 0.0884752 Vali Loss: 0.4181125 Test Loss: 0.4703773
EarlyStopping counter: 8 out of 10
Updating learning rate to 7.855167211278951e-07
Epoch: 50 cost time: 1.2004852294921875
Epoch: 50, Steps: 33 | Train Loss: 0.0882271 Vali Loss: 0.4093328 Test Loss: 0.4705276
EarlyStopping counter: 9 out of 10
Updating learning rate to 7.069650490151056e-07
>>>>>>>testing : SP500_336_96_PatchTST_custom_ftM_sl336_ll48_pl96_dm16_nh4_el3_dl1_df128_fc1_ebtimeF_dtTrue_Standard_0<<<<<<<<<<<<<<<<<<<<<<<<<<<<<<<<<
test 1239
mse:0.4706416428089142, mae:0.5295488238334656, rse:0.22412483394145966
