Args in experiment:
Namespace(random_seed=2020, is_training=1, model_id='BTCUSD_336_96', model='PatchTST', data='custom', root_path='./dataset/', data_path='btcusd.csv', features='M', target='Close', freq='d', checkpoints='./checkpoints/', seq_len=336, label_len=48, pred_len=96, fc_dropout=0.3, head_dropout=0.0, patch_len=16, stride=8, padding_patch='end', revin=1, affine=0, subtract_last=0, decomposition=0, kernel_size=25, individual=0, embed_type=0, enc_in=5, dec_in=5, c_out=5, d_model=16, n_heads=4, e_layers=3, d_layers=1, d_ff=128, moving_avg=25, factor=1, distil=True, dropout=0.3, embed='timeF', activation='gelu', version='QIA', output_attention=False, do_predict=False, num_workers=1, itr=1, train_epochs=50, batch_size=128, patience=10, learning_rate=0.0001, des='QIA', loss='mse', lradj='type3', pct_start=0.3, use_amp=False, use_gpu=True, gpu=0, use_multi_gpu=False, devices='0,1,2,3', test_flop=False)
Use GPU: mps
============================================================
CONFIRMATION: Instantiated attention class for PatchTST:
  Type: <class 'layers.PatchTST_backbone._QuantumInspiredAttention'>
  Expected Version parameter: QIA
============================================================
>>>>>>>start training : BTCUSD_336_96_PatchTST_custom_ftM_sl336_ll48_pl96_dm16_nh4_el3_dl1_df128_fc1_ebtimeF_dtTrue_QIA_0>>>>>>>>>>>>>>>>>>>>>>>>>>
train 2595
val 338
test 769
Epoch: 1 cost time: 2.5776469707489014
Epoch: 1, Steps: 20 | Train Loss: 0.5939164 Vali Loss: 0.3573981 Test Loss: 2.4059093
Validation loss decreased (inf --> 0.357398).  Saving model ...
Updating learning rate to 0.0001
Epoch: 2 cost time: 1.296435832977295
Epoch: 2, Steps: 20 | Train Loss: 0.5304090 Vali Loss: 0.2873674 Test Loss: 1.8377485
Validation loss decreased (0.357398 --> 0.287367).  Saving model ...
Updating learning rate to 0.0001
Epoch: 3 cost time: 1.3118419647216797
Epoch: 3, Steps: 20 | Train Loss: 0.4281834 Vali Loss: 0.2650382 Test Loss: 1.4329706
Validation loss decreased (0.287367 --> 0.265038).  Saving model ...
Updating learning rate to 0.0001
Epoch: 4 cost time: 1.3101251125335693
Epoch: 4, Steps: 20 | Train Loss: 0.3673509 Vali Loss: 0.2450970 Test Loss: 1.2767458
Validation loss decreased (0.265038 --> 0.245097).  Saving model ...
Updating learning rate to 9e-05
Epoch: 5 cost time: 1.323861837387085
Epoch: 5, Steps: 20 | Train Loss: 0.3385799 Vali Loss: 0.2441850 Test Loss: 1.1828517
Validation loss decreased (0.245097 --> 0.244185).  Saving model ...
Updating learning rate to 8.1e-05
Epoch: 6 cost time: 1.2667028903961182
Epoch: 6, Steps: 20 | Train Loss: 0.3143768 Vali Loss: 0.2260721 Test Loss: 1.1216798
Validation loss decreased (0.244185 --> 0.226072).  Saving model ...
Updating learning rate to 7.290000000000001e-05
Epoch: 7 cost time: 1.3186612129211426
Epoch: 7, Steps: 20 | Train Loss: 0.3005196 Vali Loss: 0.2228174 Test Loss: 1.0789589
Validation loss decreased (0.226072 --> 0.222817).  Saving model ...
Updating learning rate to 6.561e-05
Epoch: 8 cost time: 1.323763370513916
Epoch: 8, Steps: 20 | Train Loss: 0.2894887 Vali Loss: 0.2139667 Test Loss: 1.0459251
Validation loss decreased (0.222817 --> 0.213967).  Saving model ...
Updating learning rate to 5.904900000000001e-05
Epoch: 9 cost time: 1.3252439498901367
Epoch: 9, Steps: 20 | Train Loss: 0.2813791 Vali Loss: 0.2213686 Test Loss: 1.0233595
EarlyStopping counter: 1 out of 10
Updating learning rate to 5.3144100000000005e-05
Epoch: 10 cost time: 1.289769172668457
Epoch: 10, Steps: 20 | Train Loss: 0.2748120 Vali Loss: 0.2143213 Test Loss: 1.0051118
EarlyStopping counter: 2 out of 10
Updating learning rate to 4.782969000000001e-05
Epoch: 11 cost time: 1.3126499652862549
Epoch: 11, Steps: 20 | Train Loss: 0.2694383 Vali Loss: 0.2107367 Test Loss: 0.9931017
Validation loss decreased (0.213967 --> 0.210737).  Saving model ...
Updating learning rate to 4.304672100000001e-05
Epoch: 12 cost time: 1.3087799549102783
Epoch: 12, Steps: 20 | Train Loss: 0.2670059 Vali Loss: 0.2031196 Test Loss: 0.9832957
Validation loss decreased (0.210737 --> 0.203120).  Saving model ...
Updating learning rate to 3.874204890000001e-05
Epoch: 13 cost time: 1.3116517066955566
Epoch: 13, Steps: 20 | Train Loss: 0.2606687 Vali Loss: 0.2130013 Test Loss: 0.9752212
EarlyStopping counter: 1 out of 10
Updating learning rate to 3.486784401000001e-05
Epoch: 14 cost time: 1.3107051849365234
Epoch: 14, Steps: 20 | Train Loss: 0.2593649 Vali Loss: 0.2021704 Test Loss: 0.9684189
Validation loss decreased (0.203120 --> 0.202170).  Saving model ...
Updating learning rate to 3.138105960900001e-05
Epoch: 15 cost time: 1.2967720031738281
Epoch: 15, Steps: 20 | Train Loss: 0.2592217 Vali Loss: 0.2130294 Test Loss: 0.9631626
EarlyStopping counter: 1 out of 10
Updating learning rate to 2.824295364810001e-05
Epoch: 16 cost time: 1.2722268104553223
Epoch: 16, Steps: 20 | Train Loss: 0.2534263 Vali Loss: 0.1966715 Test Loss: 0.9580180
Validation loss decreased (0.202170 --> 0.196671).  Saving model ...
Updating learning rate to 2.541865828329001e-05
Epoch: 17 cost time: 1.326409101486206
Epoch: 17, Steps: 20 | Train Loss: 0.2537804 Vali Loss: 0.2068681 Test Loss: 0.9555797
EarlyStopping counter: 1 out of 10
Updating learning rate to 2.287679245496101e-05
Epoch: 18 cost time: 1.2409522533416748
Epoch: 18, Steps: 20 | Train Loss: 0.2505988 Vali Loss: 0.1936554 Test Loss: 0.9519410
Validation loss decreased (0.196671 --> 0.193655).  Saving model ...
Updating learning rate to 2.0589113209464907e-05
Epoch: 19 cost time: 1.258833885192871
Epoch: 19, Steps: 20 | Train Loss: 0.2496976 Vali Loss: 0.2029659 Test Loss: 0.9491912
EarlyStopping counter: 1 out of 10
Updating learning rate to 1.8530201888518416e-05
Epoch: 20 cost time: 1.2324111461639404
Epoch: 20, Steps: 20 | Train Loss: 0.2511892 Vali Loss: 0.2068093 Test Loss: 0.9462702
EarlyStopping counter: 2 out of 10
Updating learning rate to 1.6677181699666577e-05
Epoch: 21 cost time: 1.2665531635284424
Epoch: 21, Steps: 20 | Train Loss: 0.2497878 Vali Loss: 0.1977167 Test Loss: 0.9436536
EarlyStopping counter: 3 out of 10
Updating learning rate to 1.5009463529699919e-05
Epoch: 22 cost time: 1.3254539966583252
Epoch: 22, Steps: 20 | Train Loss: 0.2484282 Vali Loss: 0.2054765 Test Loss: 0.9419371
EarlyStopping counter: 4 out of 10
Updating learning rate to 1.3508517176729929e-05
Epoch: 23 cost time: 1.3211772441864014
Epoch: 23, Steps: 20 | Train Loss: 0.2473018 Vali Loss: 0.1954361 Test Loss: 0.9405530
EarlyStopping counter: 5 out of 10
Updating learning rate to 1.2157665459056936e-05
Epoch: 24 cost time: 1.2414908409118652
Epoch: 24, Steps: 20 | Train Loss: 0.2485574 Vali Loss: 0.1886021 Test Loss: 0.9389470
Validation loss decreased (0.193655 --> 0.188602).  Saving model ...
Updating learning rate to 1.0941898913151242e-05
Epoch: 25 cost time: 1.2460670471191406
Epoch: 25, Steps: 20 | Train Loss: 0.2458001 Vali Loss: 0.2010375 Test Loss: 0.9375666
EarlyStopping counter: 1 out of 10
Updating learning rate to 9.847709021836118e-06
Epoch: 26 cost time: 1.2295763492584229
Epoch: 26, Steps: 20 | Train Loss: 0.2485418 Vali Loss: 0.2038371 Test Loss: 0.9373674
EarlyStopping counter: 2 out of 10
Updating learning rate to 8.862938119652508e-06
Epoch: 27 cost time: 1.2363581657409668
Epoch: 27, Steps: 20 | Train Loss: 0.2468643 Vali Loss: 0.1889473 Test Loss: 0.9361865
EarlyStopping counter: 3 out of 10
Updating learning rate to 7.976644307687255e-06
Epoch: 28 cost time: 1.2432410717010498
Epoch: 28, Steps: 20 | Train Loss: 0.2457478 Vali Loss: 0.1989789 Test Loss: 0.9348441
EarlyStopping counter: 4 out of 10
Updating learning rate to 7.178979876918531e-06
Epoch: 29 cost time: 1.266840934753418
Epoch: 29, Steps: 20 | Train Loss: 0.2435147 Vali Loss: 0.1894699 Test Loss: 0.9338626
EarlyStopping counter: 5 out of 10
Updating learning rate to 6.4610818892266776e-06
Epoch: 30 cost time: 1.2926583290100098
Epoch: 30, Steps: 20 | Train Loss: 0.2428911 Vali Loss: 0.1938235 Test Loss: 0.9329417
EarlyStopping counter: 6 out of 10
Updating learning rate to 5.8149737003040096e-06
Epoch: 31 cost time: 1.3284008502960205
Epoch: 31, Steps: 20 | Train Loss: 0.2435709 Vali Loss: 0.1964369 Test Loss: 0.9320416
EarlyStopping counter: 7 out of 10
Updating learning rate to 5.23347633027361e-06
Epoch: 32 cost time: 1.308948278427124
Epoch: 32, Steps: 20 | Train Loss: 0.2438016 Vali Loss: 0.2036933 Test Loss: 0.9311400
EarlyStopping counter: 8 out of 10
Updating learning rate to 4.710128697246249e-06
Epoch: 33 cost time: 1.3216400146484375
Epoch: 33, Steps: 20 | Train Loss: 0.2438668 Vali Loss: 0.1913776 Test Loss: 0.9308446
EarlyStopping counter: 9 out of 10
Updating learning rate to 4.239115827521624e-06
Epoch: 34 cost time: 1.3374531269073486
Epoch: 34, Steps: 20 | Train Loss: 0.2419730 Vali Loss: 0.1958997 Test Loss: 0.9302902
EarlyStopping counter: 10 out of 10
Early stopping
>>>>>>>testing : BTCUSD_336_96_PatchTST_custom_ftM_sl336_ll48_pl96_dm16_nh4_el3_dl1_df128_fc1_ebtimeF_dtTrue_QIA_0<<<<<<<<<<<<<<<<<<<<<<<<<<<<<<<<<
test 769
mse:0.9389468431472778, mae:0.7080271244049072, rse:0.5706409811973572
