Args in experiment:
Namespace(random_seed=2022, is_training=1, model_id='BTCUSD_336_96', model='PatchTST', data='custom', root_path='./dataset/', data_path='btcusd.csv', features='M', target='Close', freq='d', checkpoints='./checkpoints/', seq_len=336, label_len=48, pred_len=96, fc_dropout=0.3, head_dropout=0.0, patch_len=16, stride=8, padding_patch='end', revin=1, affine=0, subtract_last=0, decomposition=0, kernel_size=25, individual=0, embed_type=0, enc_in=5, dec_in=5, c_out=5, d_model=16, n_heads=4, e_layers=3, d_layers=1, d_ff=128, moving_avg=25, factor=1, distil=True, dropout=0.3, embed='timeF', activation='gelu', version='QIA', output_attention=False, do_predict=False, num_workers=1, itr=1, train_epochs=50, batch_size=128, patience=10, learning_rate=0.0001, des='QIA', loss='mse', lradj='type3', pct_start=0.3, use_amp=False, use_gpu=True, gpu=0, use_multi_gpu=False, devices='0,1,2,3', test_flop=False)
Use GPU: mps
============================================================
CONFIRMATION: Instantiated attention class for PatchTST:
  Type: <class 'layers.PatchTST_backbone._QuantumInspiredAttention'>
  Expected Version parameter: QIA
============================================================
>>>>>>>start training : BTCUSD_336_96_PatchTST_custom_ftM_sl336_ll48_pl96_dm16_nh4_el3_dl1_df128_fc1_ebtimeF_dtTrue_QIA_0>>>>>>>>>>>>>>>>>>>>>>>>>>
train 2595
val 338
test 769
Epoch: 1 cost time: 2.5233147144317627
Epoch: 1, Steps: 20 | Train Loss: 0.5762916 Vali Loss: 0.3488933 Test Loss: 2.3705554
Validation loss decreased (inf --> 0.348893).  Saving model ...
Updating learning rate to 0.0001
Epoch: 2 cost time: 1.2174389362335205
Epoch: 2, Steps: 20 | Train Loss: 0.5049060 Vali Loss: 0.2900679 Test Loss: 1.7138578
Validation loss decreased (0.348893 --> 0.290068).  Saving model ...
Updating learning rate to 0.0001
Epoch: 3 cost time: 1.217514991760254
Epoch: 3, Steps: 20 | Train Loss: 0.4046089 Vali Loss: 0.2559538 Test Loss: 1.3873066
Validation loss decreased (0.290068 --> 0.255954).  Saving model ...
Updating learning rate to 0.0001
Epoch: 4 cost time: 1.2144687175750732
Epoch: 4, Steps: 20 | Train Loss: 0.3530990 Vali Loss: 0.2457604 Test Loss: 1.2535477
Validation loss decreased (0.255954 --> 0.245760).  Saving model ...
Updating learning rate to 9e-05
Epoch: 5 cost time: 1.2141838073730469
Epoch: 5, Steps: 20 | Train Loss: 0.3289395 Vali Loss: 0.2369801 Test Loss: 1.1694471
Validation loss decreased (0.245760 --> 0.236980).  Saving model ...
Updating learning rate to 8.1e-05
Epoch: 6 cost time: 1.3036839962005615
Epoch: 6, Steps: 20 | Train Loss: 0.3105259 Vali Loss: 0.2244652 Test Loss: 1.1159469
Validation loss decreased (0.236980 --> 0.224465).  Saving model ...
Updating learning rate to 7.290000000000001e-05
Epoch: 7 cost time: 1.3360440731048584
Epoch: 7, Steps: 20 | Train Loss: 0.2981972 Vali Loss: 0.2132481 Test Loss: 1.0779941
Validation loss decreased (0.224465 --> 0.213248).  Saving model ...
Updating learning rate to 6.561e-05
Epoch: 8 cost time: 1.2866690158843994
Epoch: 8, Steps: 20 | Train Loss: 0.2878294 Vali Loss: 0.2078160 Test Loss: 1.0489507
Validation loss decreased (0.213248 --> 0.207816).  Saving model ...
Updating learning rate to 5.904900000000001e-05
Epoch: 9 cost time: 1.2834398746490479
Epoch: 9, Steps: 20 | Train Loss: 0.2781744 Vali Loss: 0.2085566 Test Loss: 1.0274175
EarlyStopping counter: 1 out of 10
Updating learning rate to 5.3144100000000005e-05
Epoch: 10 cost time: 1.2825069427490234
Epoch: 10, Steps: 20 | Train Loss: 0.2740711 Vali Loss: 0.2169566 Test Loss: 1.0138080
EarlyStopping counter: 2 out of 10
Updating learning rate to 4.782969000000001e-05
Epoch: 11 cost time: 1.2552039623260498
Epoch: 11, Steps: 20 | Train Loss: 0.2717560 Vali Loss: 0.2023010 Test Loss: 1.0076025
Validation loss decreased (0.207816 --> 0.202301).  Saving model ...
Updating learning rate to 4.304672100000001e-05
Epoch: 12 cost time: 1.2400140762329102
Epoch: 12, Steps: 20 | Train Loss: 0.2676457 Vali Loss: 0.2001977 Test Loss: 0.9973838
Validation loss decreased (0.202301 --> 0.200198).  Saving model ...
Updating learning rate to 3.874204890000001e-05
Epoch: 13 cost time: 1.2238719463348389
Epoch: 13, Steps: 20 | Train Loss: 0.2620972 Vali Loss: 0.2087092 Test Loss: 0.9904644
EarlyStopping counter: 1 out of 10
Updating learning rate to 3.486784401000001e-05
Epoch: 14 cost time: 1.315371036529541
Epoch: 14, Steps: 20 | Train Loss: 0.2625833 Vali Loss: 0.2005140 Test Loss: 0.9834101
EarlyStopping counter: 2 out of 10
Updating learning rate to 3.138105960900001e-05
Epoch: 15 cost time: 1.3212673664093018
Epoch: 15, Steps: 20 | Train Loss: 0.2612177 Vali Loss: 0.1996075 Test Loss: 0.9803395
Validation loss decreased (0.200198 --> 0.199608).  Saving model ...
Updating learning rate to 2.824295364810001e-05
Epoch: 16 cost time: 1.3414480686187744
Epoch: 16, Steps: 20 | Train Loss: 0.2582822 Vali Loss: 0.1848688 Test Loss: 0.9743540
Validation loss decreased (0.199608 --> 0.184869).  Saving model ...
Updating learning rate to 2.541865828329001e-05
Epoch: 17 cost time: 1.317007303237915
Epoch: 17, Steps: 20 | Train Loss: 0.2569104 Vali Loss: 0.2022361 Test Loss: 0.9712777
EarlyStopping counter: 1 out of 10
Updating learning rate to 2.287679245496101e-05
Epoch: 18 cost time: 1.3163049221038818
Epoch: 18, Steps: 20 | Train Loss: 0.2525759 Vali Loss: 0.1964390 Test Loss: 0.9683907
EarlyStopping counter: 2 out of 10
Updating learning rate to 2.0589113209464907e-05
Epoch: 19 cost time: 1.2704780101776123
Epoch: 19, Steps: 20 | Train Loss: 0.2510959 Vali Loss: 0.1918818 Test Loss: 0.9663198
EarlyStopping counter: 3 out of 10
Updating learning rate to 1.8530201888518416e-05
Epoch: 20 cost time: 1.2216570377349854
Epoch: 20, Steps: 20 | Train Loss: 0.2503791 Vali Loss: 0.2002913 Test Loss: 0.9629989
EarlyStopping counter: 4 out of 10
Updating learning rate to 1.6677181699666577e-05
Epoch: 21 cost time: 1.2370219230651855
Epoch: 21, Steps: 20 | Train Loss: 0.2536003 Vali Loss: 0.2006810 Test Loss: 0.9611526
EarlyStopping counter: 5 out of 10
Updating learning rate to 1.5009463529699919e-05
Epoch: 22 cost time: 1.2783210277557373
Epoch: 22, Steps: 20 | Train Loss: 0.2489864 Vali Loss: 0.1967729 Test Loss: 0.9594734
EarlyStopping counter: 6 out of 10
Updating learning rate to 1.3508517176729929e-05
Epoch: 23 cost time: 1.2178099155426025
Epoch: 23, Steps: 20 | Train Loss: 0.2506859 Vali Loss: 0.1919073 Test Loss: 0.9584488
EarlyStopping counter: 7 out of 10
Updating learning rate to 1.2157665459056936e-05
Epoch: 24 cost time: 1.2166872024536133
Epoch: 24, Steps: 20 | Train Loss: 0.2503165 Vali Loss: 0.2000497 Test Loss: 0.9566193
EarlyStopping counter: 8 out of 10
Updating learning rate to 1.0941898913151242e-05
Epoch: 25 cost time: 1.2169921398162842
Epoch: 25, Steps: 20 | Train Loss: 0.2475793 Vali Loss: 0.1870716 Test Loss: 0.9551975
EarlyStopping counter: 9 out of 10
Updating learning rate to 9.847709021836118e-06
Epoch: 26 cost time: 1.2173631191253662
Epoch: 26, Steps: 20 | Train Loss: 0.2497530 Vali Loss: 0.1940488 Test Loss: 0.9537663
EarlyStopping counter: 10 out of 10
Early stopping
>>>>>>>testing : BTCUSD_336_96_PatchTST_custom_ftM_sl336_ll48_pl96_dm16_nh4_el3_dl1_df128_fc1_ebtimeF_dtTrue_QIA_0<<<<<<<<<<<<<<<<<<<<<<<<<<<<<<<<<
test 769
mse:0.9743540287017822, mae:0.7303857803344727, rse:0.581300675868988
