Args in experiment:
Namespace(random_seed=2022, is_training=1, model_id='SP500_336_96', model='PatchTST', data='custom', root_path='./dataset/', data_path='sp500.csv', features='M', target='Close', freq='d', checkpoints='./checkpoints/', seq_len=336, label_len=48, pred_len=96, fc_dropout=0.3, head_dropout=0.0, patch_len=16, stride=8, padding_patch='end', revin=1, affine=0, subtract_last=0, decomposition=0, kernel_size=25, individual=0, embed_type=0, enc_in=5, dec_in=5, c_out=5, d_model=16, n_heads=4, e_layers=3, d_layers=1, d_ff=128, moving_avg=25, factor=1, distil=True, dropout=0.3, embed='timeF', activation='gelu', version='QIA', output_attention=False, do_predict=False, num_workers=1, itr=1, train_epochs=50, batch_size=128, patience=10, learning_rate=0.0001, des='QIA', loss='mse', lradj='type3', pct_start=0.3, use_amp=False, use_gpu=True, gpu=0, use_multi_gpu=False, devices='0,1,2,3', test_flop=False)
Use GPU: mps
============================================================
CONFIRMATION: Instantiated attention class for PatchTST:
  Type: <class 'layers.PatchTST_backbone._QuantumInspiredAttention'>
  Expected Version parameter: QIA
============================================================
>>>>>>>start training : SP500_336_96_PatchTST_custom_ftM_sl336_ll48_pl96_dm16_nh4_el3_dl1_df128_fc1_ebtimeF_dtTrue_QIA_0>>>>>>>>>>>>>>>>>>>>>>>>>>
train 4240
val 574
test 1239
Epoch: 1 cost time: 3.5883190631866455
Epoch: 1, Steps: 33 | Train Loss: 0.2394027 Vali Loss: 0.5225946 Test Loss: 1.9300073
Validation loss decreased (inf --> 0.522595).  Saving model ...
Updating learning rate to 0.0001
Epoch: 2 cost time: 2.278308868408203
Epoch: 2, Steps: 33 | Train Loss: 0.1826712 Vali Loss: 0.4841760 Test Loss: 0.8173565
Validation loss decreased (0.522595 --> 0.484176).  Saving model ...
Updating learning rate to 0.0001
Epoch: 3 cost time: 2.3425300121307373
Epoch: 3, Steps: 33 | Train Loss: 0.1289697 Vali Loss: 0.4884746 Test Loss: 0.6512898
EarlyStopping counter: 1 out of 10
Updating learning rate to 0.0001
Epoch: 4 cost time: 2.2982189655303955
Epoch: 4, Steps: 33 | Train Loss: 0.1157783 Vali Loss: 0.4590391 Test Loss: 0.5896970
Validation loss decreased (0.484176 --> 0.459039).  Saving model ...
Updating learning rate to 9e-05
Epoch: 5 cost time: 2.4731550216674805
Epoch: 5, Steps: 33 | Train Loss: 0.1073794 Vali Loss: 0.4605657 Test Loss: 0.5611643
EarlyStopping counter: 1 out of 10
Updating learning rate to 8.1e-05
Epoch: 6 cost time: 2.3285861015319824
Epoch: 6, Steps: 33 | Train Loss: 0.1026836 Vali Loss: 0.4475295 Test Loss: 0.5349170
Validation loss decreased (0.459039 --> 0.447529).  Saving model ...
Updating learning rate to 7.290000000000001e-05
Epoch: 7 cost time: 2.365424871444702
Epoch: 7, Steps: 33 | Train Loss: 0.0997672 Vali Loss: 0.4340645 Test Loss: 0.5202033
Validation loss decreased (0.447529 --> 0.434064).  Saving model ...
Updating learning rate to 6.561e-05
Epoch: 8 cost time: 2.2014150619506836
Epoch: 8, Steps: 33 | Train Loss: 0.0980178 Vali Loss: 0.4430591 Test Loss: 0.5094182
EarlyStopping counter: 1 out of 10
Updating learning rate to 5.904900000000001e-05
Epoch: 9 cost time: 2.1983261108398438
Epoch: 9, Steps: 33 | Train Loss: 0.0967921 Vali Loss: 0.4365006 Test Loss: 0.5022461
EarlyStopping counter: 2 out of 10
Updating learning rate to 5.3144100000000005e-05
Epoch: 10 cost time: 2.2406930923461914
Epoch: 10, Steps: 33 | Train Loss: 0.0954633 Vali Loss: 0.4330310 Test Loss: 0.4965513
Validation loss decreased (0.434064 --> 0.433031).  Saving model ...
Updating learning rate to 4.782969000000001e-05
Epoch: 11 cost time: 2.219143867492676
Epoch: 11, Steps: 33 | Train Loss: 0.0944536 Vali Loss: 0.4230297 Test Loss: 0.4929771
Validation loss decreased (0.433031 --> 0.423030).  Saving model ...
Updating learning rate to 4.304672100000001e-05
Epoch: 12 cost time: 2.2499568462371826
Epoch: 12, Steps: 33 | Train Loss: 0.0941270 Vali Loss: 0.4216169 Test Loss: 0.4900885
Validation loss decreased (0.423030 --> 0.421617).  Saving model ...
Updating learning rate to 3.874204890000001e-05
Epoch: 13 cost time: 2.242417335510254
Epoch: 13, Steps: 33 | Train Loss: 0.0932653 Vali Loss: 0.4200371 Test Loss: 0.4868442
Validation loss decreased (0.421617 --> 0.420037).  Saving model ...
Updating learning rate to 3.486784401000001e-05
Epoch: 14 cost time: 2.2554681301116943
Epoch: 14, Steps: 33 | Train Loss: 0.0931639 Vali Loss: 0.4149622 Test Loss: 0.4853176
Validation loss decreased (0.420037 --> 0.414962).  Saving model ...
Updating learning rate to 3.138105960900001e-05
Epoch: 15 cost time: 2.271420955657959
Epoch: 15, Steps: 33 | Train Loss: 0.0925633 Vali Loss: 0.4220083 Test Loss: 0.4829861
EarlyStopping counter: 1 out of 10
Updating learning rate to 2.824295364810001e-05
Epoch: 16 cost time: 2.2933781147003174
Epoch: 16, Steps: 33 | Train Loss: 0.0926415 Vali Loss: 0.4205736 Test Loss: 0.4811262
EarlyStopping counter: 2 out of 10
Updating learning rate to 2.541865828329001e-05
Epoch: 17 cost time: 2.3018579483032227
Epoch: 17, Steps: 33 | Train Loss: 0.0919997 Vali Loss: 0.4175617 Test Loss: 0.4796022
EarlyStopping counter: 3 out of 10
Updating learning rate to 2.287679245496101e-05
Epoch: 18 cost time: 2.315793037414551
Epoch: 18, Steps: 33 | Train Loss: 0.0916077 Vali Loss: 0.4137524 Test Loss: 0.4784098
Validation loss decreased (0.414962 --> 0.413752).  Saving model ...
Updating learning rate to 2.0589113209464907e-05
Epoch: 19 cost time: 2.3556511402130127
Epoch: 19, Steps: 33 | Train Loss: 0.0916151 Vali Loss: 0.4225181 Test Loss: 0.4774741
EarlyStopping counter: 1 out of 10
Updating learning rate to 1.8530201888518416e-05
Epoch: 20 cost time: 2.342790126800537
Epoch: 20, Steps: 33 | Train Loss: 0.0913591 Vali Loss: 0.4038548 Test Loss: 0.4766786
Validation loss decreased (0.413752 --> 0.403855).  Saving model ...
Updating learning rate to 1.6677181699666577e-05
Epoch: 21 cost time: 2.455352783203125
Epoch: 21, Steps: 33 | Train Loss: 0.0912978 Vali Loss: 0.4126051 Test Loss: 0.4758141
EarlyStopping counter: 1 out of 10
Updating learning rate to 1.5009463529699919e-05
Epoch: 22 cost time: 2.361715793609619
Epoch: 22, Steps: 33 | Train Loss: 0.0914668 Vali Loss: 0.4143045 Test Loss: 0.4749998
EarlyStopping counter: 2 out of 10
Updating learning rate to 1.3508517176729929e-05
Epoch: 23 cost time: 2.400235891342163
Epoch: 23, Steps: 33 | Train Loss: 0.0911415 Vali Loss: 0.4140520 Test Loss: 0.4745871
EarlyStopping counter: 3 out of 10
Updating learning rate to 1.2157665459056936e-05
Epoch: 24 cost time: 2.435127019882202
Epoch: 24, Steps: 33 | Train Loss: 0.0910696 Vali Loss: 0.4142011 Test Loss: 0.4741989
EarlyStopping counter: 4 out of 10
Updating learning rate to 1.0941898913151242e-05
Epoch: 25 cost time: 2.4245638847351074
Epoch: 25, Steps: 33 | Train Loss: 0.0907381 Vali Loss: 0.4075769 Test Loss: 0.4734186
EarlyStopping counter: 5 out of 10
Updating learning rate to 9.847709021836118e-06
Epoch: 26 cost time: 2.4425208568573
Epoch: 26, Steps: 33 | Train Loss: 0.0907598 Vali Loss: 0.4156620 Test Loss: 0.4732848
EarlyStopping counter: 6 out of 10
Updating learning rate to 8.862938119652508e-06
Epoch: 27 cost time: 2.4545679092407227
Epoch: 27, Steps: 33 | Train Loss: 0.0905790 Vali Loss: 0.4097652 Test Loss: 0.4727568
EarlyStopping counter: 7 out of 10
Updating learning rate to 7.976644307687255e-06
Epoch: 28 cost time: 2.4764459133148193
Epoch: 28, Steps: 33 | Train Loss: 0.0900523 Vali Loss: 0.4170176 Test Loss: 0.4720828
EarlyStopping counter: 8 out of 10
Updating learning rate to 7.178979876918531e-06
Epoch: 29 cost time: 2.4836490154266357
Epoch: 29, Steps: 33 | Train Loss: 0.0905865 Vali Loss: 0.4122931 Test Loss: 0.4718430
EarlyStopping counter: 9 out of 10
Updating learning rate to 6.4610818892266776e-06
Epoch: 30 cost time: 2.5169589519500732
Epoch: 30, Steps: 33 | Train Loss: 0.0903502 Vali Loss: 0.4096174 Test Loss: 0.4717484
EarlyStopping counter: 10 out of 10
Early stopping
>>>>>>>testing : SP500_336_96_PatchTST_custom_ftM_sl336_ll48_pl96_dm16_nh4_el3_dl1_df128_fc1_ebtimeF_dtTrue_QIA_0<<<<<<<<<<<<<<<<<<<<<<<<<<<<<<<<<
test 1239
mse:0.47667863965034485, mae:0.5337900519371033, rse:0.22555768489837646
